#
# There is insufficient memory for the Java Runtime Environment to continue.
# Native memory allocation (malloc) failed to allocate 1406416 bytes. Error detail: Chunk::new
# Possible reasons:
#   The system is out of physical RAM or swap space
#   This process is running with CompressedOops enabled, and the Java Heap may be blocking the growth of the native heap
# Possible solutions:
#   Reduce memory load on the system
#   Increase physical memory or swap space
#   Check if swap backing store is full
#   Decrease Java heap size (-Xmx/-Xms)
#   Decrease number of Java threads
#   Decrease Java thread stack sizes (-Xss)
#   Set larger code cache with -XX:ReservedCodeCacheSize=
#   JVM is running with Zero Based Compressed Oops mode in which the Java heap is
#     placed in the first 32GB address space. The Java Heap base address is the
#     maximum limit for the native heap growth. Please use -XX:HeapBaseMinAddress
#     to set the Java Heap base and to place the Java Heap above 32GB virtual address.
# This output file may be truncated or incomplete.
#
#  Out of Memory Error (arena.cpp:191), pid=22168, tid=20112
#
# JRE version: OpenJDK Runtime Environment (17.0.11) (build 17.0.11+0--11852314)
# Java VM: OpenJDK 64-Bit Server VM (17.0.11+0--11852314, mixed mode, tiered, compressed oops, compressed class ptrs, g1 gc, windows-amd64)
# No core dump will be written. Minidumps are not enabled by default on client versions of Windows
#

---------------  S U M M A R Y ------------

Command Line: org.jetbrains.kotlin.cli.jvm.K2JVMCompiler @C:\Users\Diogo\Documents\GitHub\SrCamelo_Mobile\app\build\20241102_17374348333343134829.compiler.options

Host: AMD Ryzen 5 4600G with Radeon Graphics, 12 cores, 15G,  Windows 10 , 64 bit Build 19041 (10.0.19041.5072)
Time: Sat Nov  2 02:02:36 2024 Hora oficial do Brasil elapsed time: 9.755280 seconds (0d 0h 0m 9s)

---------------  T H R E A D  ---------------

Current thread (0x0000028f4b86ea90):  JavaThread "C2 CompilerThread1" daemon [_thread_in_native, id=20112, stack(0x000000a892900000,0x000000a892a00000)]


Current CompileTask:
C2:   9755 13290       4       org.jetbrains.kotlin.ir.util.IrFakeOverrideUtilsKt::resolveFakeOverrideOrNull (240 bytes)

Stack: [0x000000a892900000,0x000000a892a00000]
Native frames: (J=compiled Java code, j=interpreted, Vv=VM code, C=native code)
V  [jvm.dll+0x687bb9]
V  [jvm.dll+0x84142a]
V  [jvm.dll+0x8430ae]
V  [jvm.dll+0x843713]
V  [jvm.dll+0x24a35f]
V  [jvm.dll+0xac544]
V  [jvm.dll+0xacb8c]
V  [jvm.dll+0x2b194f]
V  [jvm.dll+0x58eba7]
V  [jvm.dll+0x2247e2]
V  [jvm.dll+0x224bdf]
V  [jvm.dll+0x21dd00]
V  [jvm.dll+0x21b201]
V  [jvm.dll+0x1a63ed]
V  [jvm.dll+0x22b1ee]
V  [jvm.dll+0x229375]
V  [jvm.dll+0x7f5647]
V  [jvm.dll+0x7efa4a]
V  [jvm.dll+0x686a35]
C  [ucrtbase.dll+0x21bb2]
C  [KERNEL32.DLL+0x17374]
C  [ntdll.dll+0x4cc91]


---------------  P R O C E S S  ---------------

Threads class SMR info:
_java_thread_list=0x0000028f4a2892d0, length=14, elements={
0x0000028f22c3e160, 0x0000028f43b05800, 0x0000028f43b067c0, 0x0000028f43b3c4e0,
0x0000028f43b55560, 0x0000028f43b5b840, 0x0000028f43b5c200, 0x0000028f43b6ec00,
0x0000028f43b6f510, 0x0000028f43b71e30, 0x0000028f43ce46b0, 0x0000028f43d11670,
0x0000028f4b86ea90, 0x0000028f4c3ca710
}

Java Threads: ( => current thread )
  0x0000028f22c3e160 JavaThread "main" [_thread_in_Java, id=22576, stack(0x000000a891600000,0x000000a891700000)]
  0x0000028f43b05800 JavaThread "Reference Handler" daemon [_thread_blocked, id=24952, stack(0x000000a891d00000,0x000000a891e00000)]
  0x0000028f43b067c0 JavaThread "Finalizer" daemon [_thread_blocked, id=10992, stack(0x000000a891e00000,0x000000a891f00000)]
  0x0000028f43b3c4e0 JavaThread "Signal Dispatcher" daemon [_thread_blocked, id=15588, stack(0x000000a891f00000,0x000000a892000000)]
  0x0000028f43b55560 JavaThread "Attach Listener" daemon [_thread_blocked, id=17892, stack(0x000000a892000000,0x000000a892100000)]
  0x0000028f43b5b840 JavaThread "Service Thread" daemon [_thread_blocked, id=22924, stack(0x000000a892100000,0x000000a892200000)]
  0x0000028f43b5c200 JavaThread "Monitor Deflation Thread" daemon [_thread_blocked, id=21296, stack(0x000000a892200000,0x000000a892300000)]
  0x0000028f43b6ec00 JavaThread "C2 CompilerThread0" daemon [_thread_in_native, id=19884, stack(0x000000a892300000,0x000000a892400000)]
  0x0000028f43b6f510 JavaThread "C1 CompilerThread0" daemon [_thread_in_native, id=8072, stack(0x000000a892400000,0x000000a892500000)]
  0x0000028f43b71e30 JavaThread "Sweeper thread" daemon [_thread_blocked, id=24020, stack(0x000000a892500000,0x000000a892600000)]
  0x0000028f43ce46b0 JavaThread "Notification Thread" daemon [_thread_blocked, id=18256, stack(0x000000a892600000,0x000000a892700000)]
  0x0000028f43d11670 JavaThread "Common-Cleaner" daemon [_thread_blocked, id=13184, stack(0x000000a892800000,0x000000a892900000)]
=>0x0000028f4b86ea90 JavaThread "C2 CompilerThread1" daemon [_thread_in_native, id=20112, stack(0x000000a892900000,0x000000a892a00000)]
  0x0000028f4c3ca710 JavaThread "C2 CompilerThread2" daemon [_thread_in_native, id=22848, stack(0x000000a893500000,0x000000a893600000)]

Other Threads:
  0x0000028f4397ec70 VMThread "VM Thread" [stack: 0x000000a891c00000,0x000000a891d00000] [id=26164]
  0x0000028f43d04ba0 WatcherThread [stack: 0x000000a892700000,0x000000a892800000] [id=21056]
  0x0000028f22ca8010 GCTaskThread "GC Thread#0" [stack: 0x000000a891700000,0x000000a891800000] [id=8044]
  0x0000028f4840c7c0 GCTaskThread "GC Thread#1" [stack: 0x000000a892a00000,0x000000a892b00000] [id=22916]
  0x0000028f4837d6c0 GCTaskThread "GC Thread#2" [stack: 0x000000a892b00000,0x000000a892c00000] [id=2344]
  0x0000028f4837d980 GCTaskThread "GC Thread#3" [stack: 0x000000a892c00000,0x000000a892d00000] [id=7412]
  0x0000028f48443fe0 GCTaskThread "GC Thread#4" [stack: 0x000000a892d00000,0x000000a892e00000] [id=14100]
  0x0000028f4843bf60 GCTaskThread "GC Thread#5" [stack: 0x000000a892e00000,0x000000a892f00000] [id=3312]
  0x0000028f487fecc0 GCTaskThread "GC Thread#6" [stack: 0x000000a892f00000,0x000000a893000000] [id=10024]
  0x0000028f489f1c70 GCTaskThread "GC Thread#7" [stack: 0x000000a893000000,0x000000a893100000] [id=24364]
  0x0000028f48c56c20 GCTaskThread "GC Thread#8" [stack: 0x000000a893100000,0x000000a893200000] [id=20696]
  0x0000028f48ea5710 GCTaskThread "GC Thread#9" [stack: 0x000000a893400000,0x000000a893500000] [id=6416]
  0x0000028f22cb9530 ConcurrentGCThread "G1 Main Marker" [stack: 0x000000a891800000,0x000000a891900000] [id=2740]
  0x0000028f22cb9f50 ConcurrentGCThread "G1 Conc#0" [stack: 0x000000a891900000,0x000000a891a00000] [id=17444]
  0x0000028f48ca11a0 ConcurrentGCThread "G1 Conc#1" [stack: 0x000000a893200000,0x000000a893300000] [id=24680]
  0x0000028f48467c40 ConcurrentGCThread "G1 Conc#2" [stack: 0x000000a893300000,0x000000a893400000] [id=26600]
  0x0000028f438255a0 ConcurrentGCThread "G1 Refine#0" [stack: 0x000000a891a00000,0x000000a891b00000] [id=14288]
  0x0000028f493b46b0 ConcurrentGCThread "G1 Refine#1" [stack: 0x000000a893600000,0x000000a893700000] [id=24108]
  0x0000028f4907f7c0 ConcurrentGCThread "G1 Refine#2" [stack: 0x000000a893700000,0x000000a893800000] [id=16652]
  0x0000028f497c8bf0 ConcurrentGCThread "G1 Refine#3" [stack: 0x000000a893800000,0x000000a893900000] [id=7124]
  0x0000028f49b3d920 ConcurrentGCThread "G1 Refine#4" [stack: 0x000000a893900000,0x000000a893a00000] [id=2004]
  0x0000028f49b3dc10 ConcurrentGCThread "G1 Refine#5" [stack: 0x000000a893a00000,0x000000a893b00000] [id=14872]
  0x0000028f43825ee0 ConcurrentGCThread "G1 Service" [stack: 0x000000a891b00000,0x000000a891c00000] [id=17252]

Threads with active compile tasks:
C2 CompilerThread0     9764 13291       4       org.jetbrains.kotlin.ir.util.IrFakeOverrideUtilsKt::collectRealOverrides (172 bytes)
C1 CompilerThread0     9764 13560       3       org.jetbrains.kotlin.backend.common.lower.ClosureAnnotator$ClosureCollectorVisitor::visitValueAccess (30 bytes)
C2 CompilerThread1     9764 13290       4       org.jetbrains.kotlin.ir.util.IrFakeOverrideUtilsKt::resolveFakeOverrideOrNull (240 bytes)
C2 CompilerThread2     9764 13288       4       org.jetbrains.kotlin.ir.util.IrFakeOverrideUtilsKt::resolveFakeOverride (74 bytes)

VM state: not at safepoint (normal execution)

VM Mutex/Monitor currently owned by a thread: None

Heap address: 0x0000000702400000, size: 4060 MB, Compressed Oops mode: Zero based, Oop shift amount: 3

CDS archive(s) not mapped
Compressed class space mapped at: 0x0000000800000000-0x0000000840000000, reserved size: 1073741824
Narrow klass base: 0x0000000800000000, Narrow klass shift: 0, Narrow klass range: 0x40000000

GC Precious Log:
 CPUs: 12 total, 12 available
 Memory: 16232M
 Large Page Support: Disabled
 NUMA Support: Disabled
 Compressed Oops: Enabled (Zero based)
 Heap Region Size: 2M
 Heap Min Capacity: 8M
 Heap Initial Capacity: 254M
 Heap Max Capacity: 4060M
 Pre-touch: Disabled
 Parallel Workers: 10
 Concurrent Workers: 3
 Concurrent Refinement Workers: 10
 Periodic GC: Disabled

Heap:
 garbage-first heap   total 182272K, used 78604K [0x0000000702400000, 0x0000000800000000)
  region size 2048K, 5 young (10240K), 3 survivors (6144K)
 Metaspace       used 83354K, committed 83776K, reserved 1179648K
  class space    used 9345K, committed 9536K, reserved 1048576K

Heap Regions: E=young(eden), S=young(survivor), O=old, HS=humongous(starts), HC=humongous(continues), CS=collection set, F=free, OA=open archive, CA=closed archive, TAMS=top-at-mark-start (previous, next)
|   0|0x0000000702400000, 0x0000000702600000, 0x0000000702600000|100%|HS|  |TAMS 0x0000000702600000, 0x0000000702400000| Complete 
|   1|0x0000000702600000, 0x0000000702800000, 0x0000000702800000|100%|HC|  |TAMS 0x0000000702800000, 0x0000000702600000| Complete 
|   2|0x0000000702800000, 0x0000000702a00000, 0x0000000702a00000|100%| O|  |TAMS 0x0000000702a00000, 0x0000000702800000| Untracked 
|   3|0x0000000702a00000, 0x0000000702c00000, 0x0000000702c00000|100%| O|  |TAMS 0x0000000702c00000, 0x0000000702a00000| Untracked 
|   4|0x0000000702c00000, 0x0000000702e00000, 0x0000000702e00000|100%| O|  |TAMS 0x0000000702e00000, 0x0000000702c00000| Untracked 
|   5|0x0000000702e00000, 0x0000000703000000, 0x0000000703000000|100%|HS|  |TAMS 0x0000000703000000, 0x0000000702e00000| Complete 
|   6|0x0000000703000000, 0x0000000703200000, 0x0000000703200000|100%| O|  |TAMS 0x0000000703200000, 0x0000000703000000| Untracked 
|   7|0x0000000703200000, 0x0000000703400000, 0x0000000703400000|100%| O|  |TAMS 0x0000000703400000, 0x0000000703200000| Untracked 
|   8|0x0000000703400000, 0x0000000703600000, 0x0000000703600000|100%| O|  |TAMS 0x0000000703600000, 0x0000000703400000| Untracked 
|   9|0x0000000703600000, 0x0000000703800000, 0x0000000703800000|100%| O|  |TAMS 0x0000000703800000, 0x0000000703600000| Untracked 
|  10|0x0000000703800000, 0x0000000703a00000, 0x0000000703a00000|100%| O|  |TAMS 0x0000000703a00000, 0x0000000703800000| Untracked 
|  11|0x0000000703a00000, 0x0000000703c00000, 0x0000000703c00000|100%| O|  |TAMS 0x0000000703c00000, 0x0000000703a00000| Untracked 
|  12|0x0000000703c00000, 0x0000000703e00000, 0x0000000703e00000|100%| O|  |TAMS 0x0000000703e00000, 0x0000000703c00000| Untracked 
|  13|0x0000000703e00000, 0x0000000704000000, 0x0000000704000000|100%| O|  |TAMS 0x0000000704000000, 0x0000000703e00000| Untracked 
|  14|0x0000000704000000, 0x0000000704200000, 0x0000000704200000|100%| O|  |TAMS 0x0000000704200000, 0x0000000704000000| Untracked 
|  15|0x0000000704200000, 0x0000000704400000, 0x0000000704400000|100%| O|  |TAMS 0x0000000704400000, 0x0000000704200000| Untracked 
|  16|0x0000000704400000, 0x0000000704600000, 0x0000000704600000|100%| O|  |TAMS 0x0000000704600000, 0x0000000704400000| Untracked 
|  17|0x0000000704600000, 0x0000000704800000, 0x0000000704800000|100%| O|  |TAMS 0x0000000704800000, 0x0000000704600000| Untracked 
|  18|0x0000000704800000, 0x0000000704a00000, 0x0000000704a00000|100%| O|  |TAMS 0x00000007048e3600, 0x0000000704800000| Untracked 
|  19|0x0000000704a00000, 0x0000000704c00000, 0x0000000704c00000|100%| O|  |TAMS 0x0000000704a00000, 0x0000000704a00000| Untracked 
|  20|0x0000000704c00000, 0x0000000704e00000, 0x0000000704e00000|100%| O|  |TAMS 0x0000000704c00000, 0x0000000704c00000| Untracked 
|  21|0x0000000704e00000, 0x0000000705000000, 0x0000000705000000|100%| O|  |TAMS 0x0000000704e00000, 0x0000000704e00000| Untracked 
|  22|0x0000000705000000, 0x0000000705200000, 0x0000000705200000|100%| O|  |TAMS 0x0000000705000000, 0x0000000705000000| Untracked 
|  23|0x0000000705200000, 0x0000000705400000, 0x0000000705400000|100%| O|  |TAMS 0x0000000705200000, 0x0000000705200000| Untracked 
|  24|0x0000000705400000, 0x0000000705600000, 0x0000000705600000|100%| O|  |TAMS 0x0000000705400000, 0x0000000705400000| Untracked 
|  25|0x0000000705600000, 0x0000000705800000, 0x0000000705800000|100%| O|  |TAMS 0x0000000705600000, 0x0000000705600000| Untracked 
|  26|0x0000000705800000, 0x0000000705a00000, 0x0000000705a00000|100%| O|  |TAMS 0x0000000705800000, 0x0000000705800000| Untracked 
|  27|0x0000000705a00000, 0x0000000705c00000, 0x0000000705c00000|100%| O|  |TAMS 0x0000000705a00000, 0x0000000705a00000| Untracked 
|  28|0x0000000705c00000, 0x0000000705e00000, 0x0000000705e00000|100%| O|  |TAMS 0x0000000705c00000, 0x0000000705c00000| Untracked 
|  29|0x0000000705e00000, 0x0000000706000000, 0x0000000706000000|100%| O|  |TAMS 0x0000000705e00000, 0x0000000705e00000| Untracked 
|  30|0x0000000706000000, 0x0000000706200000, 0x0000000706200000|100%| O|  |TAMS 0x0000000706000000, 0x0000000706000000| Untracked 
|  31|0x0000000706200000, 0x0000000706400000, 0x0000000706400000|100%| O|  |TAMS 0x0000000706200000, 0x0000000706200000| Untracked 
|  32|0x0000000706400000, 0x0000000706600000, 0x0000000706600000|100%| O|  |TAMS 0x0000000706400000, 0x0000000706400000| Untracked 
|  33|0x0000000706600000, 0x00000007067a3a00, 0x0000000706800000| 81%| O|  |TAMS 0x0000000706600000, 0x0000000706600000| Untracked 
|  34|0x0000000706800000, 0x0000000706800000, 0x0000000706a00000|  0%| F|  |TAMS 0x0000000706800000, 0x0000000706800000| Untracked 
|  35|0x0000000706a00000, 0x0000000706a00000, 0x0000000706c00000|  0%| F|  |TAMS 0x0000000706a00000, 0x0000000706a00000| Untracked 
|  36|0x0000000706c00000, 0x0000000706c00000, 0x0000000706e00000|  0%| F|  |TAMS 0x0000000706c00000, 0x0000000706c00000| Untracked 
|  37|0x0000000706e00000, 0x0000000706e00000, 0x0000000707000000|  0%| F|  |TAMS 0x0000000706e00000, 0x0000000706e00000| Untracked 
|  38|0x0000000707000000, 0x0000000707000000, 0x0000000707200000|  0%| F|  |TAMS 0x0000000707000000, 0x0000000707000000| Untracked 
|  39|0x0000000707200000, 0x0000000707200000, 0x0000000707400000|  0%| F|  |TAMS 0x0000000707200000, 0x0000000707200000| Untracked 
|  40|0x0000000707400000, 0x0000000707400000, 0x0000000707600000|  0%| F|  |TAMS 0x0000000707400000, 0x0000000707400000| Untracked 
|  41|0x0000000707600000, 0x0000000707600000, 0x0000000707800000|  0%| F|  |TAMS 0x0000000707600000, 0x0000000707600000| Untracked 
|  42|0x0000000707800000, 0x0000000707800000, 0x0000000707a00000|  0%| F|  |TAMS 0x0000000707800000, 0x0000000707800000| Untracked 
|  43|0x0000000707a00000, 0x0000000707a00000, 0x0000000707c00000|  0%| F|  |TAMS 0x0000000707a00000, 0x0000000707a00000| Untracked 
|  44|0x0000000707c00000, 0x0000000707c00000, 0x0000000707e00000|  0%| F|  |TAMS 0x0000000707c00000, 0x0000000707c00000| Untracked 
|  45|0x0000000707e00000, 0x0000000707e00000, 0x0000000708000000|  0%| F|  |TAMS 0x0000000707e00000, 0x0000000707e00000| Untracked 
|  46|0x0000000708000000, 0x0000000708000000, 0x0000000708200000|  0%| F|  |TAMS 0x0000000708000000, 0x0000000708000000| Untracked 
|  47|0x0000000708200000, 0x0000000708200000, 0x0000000708400000|  0%| F|  |TAMS 0x0000000708200000, 0x0000000708200000| Untracked 
|  48|0x0000000708400000, 0x0000000708400000, 0x0000000708600000|  0%| F|  |TAMS 0x0000000708400000, 0x0000000708400000| Untracked 
|  49|0x0000000708600000, 0x0000000708600000, 0x0000000708800000|  0%| F|  |TAMS 0x0000000708600000, 0x0000000708600000| Untracked 
|  50|0x0000000708800000, 0x0000000708800000, 0x0000000708a00000|  0%| F|  |TAMS 0x0000000708800000, 0x0000000708800000| Untracked 
|  51|0x0000000708a00000, 0x0000000708a00000, 0x0000000708c00000|  0%| F|  |TAMS 0x0000000708a00000, 0x0000000708a00000| Untracked 
|  52|0x0000000708c00000, 0x0000000708d1f7f0, 0x0000000708e00000| 56%| S|CS|TAMS 0x0000000708c00000, 0x0000000708c00000| Complete 
|  53|0x0000000708e00000, 0x0000000709000000, 0x0000000709000000|100%| S|CS|TAMS 0x0000000708e00000, 0x0000000708e00000| Complete 
|  54|0x0000000709000000, 0x0000000709200000, 0x0000000709200000|100%| S|CS|TAMS 0x0000000709000000, 0x0000000709000000| Complete 
|  55|0x0000000709200000, 0x0000000709200000, 0x0000000709400000|  0%| F|  |TAMS 0x0000000709200000, 0x0000000709200000| Untracked 
|  56|0x0000000709400000, 0x0000000709400000, 0x0000000709600000|  0%| F|  |TAMS 0x0000000709400000, 0x0000000709400000| Untracked 
|  57|0x0000000709600000, 0x0000000709600000, 0x0000000709800000|  0%| F|  |TAMS 0x0000000709600000, 0x0000000709600000| Untracked 
|  58|0x0000000709800000, 0x0000000709800000, 0x0000000709a00000|  0%| F|  |TAMS 0x0000000709800000, 0x0000000709800000| Untracked 
|  59|0x0000000709a00000, 0x0000000709a00000, 0x0000000709c00000|  0%| F|  |TAMS 0x0000000709a00000, 0x0000000709a00000| Untracked 
|  60|0x0000000709c00000, 0x0000000709c00000, 0x0000000709e00000|  0%| F|  |TAMS 0x0000000709c00000, 0x0000000709c00000| Untracked 
|  61|0x0000000709e00000, 0x0000000709e00000, 0x000000070a000000|  0%| F|  |TAMS 0x0000000709e00000, 0x0000000709e00000| Untracked 
|  62|0x000000070a000000, 0x000000070a000000, 0x000000070a200000|  0%| F|  |TAMS 0x000000070a000000, 0x000000070a000000| Untracked 
|  63|0x000000070a200000, 0x000000070a200000, 0x000000070a400000|  0%| F|  |TAMS 0x000000070a200000, 0x000000070a200000| Untracked 
|  64|0x000000070a400000, 0x000000070a400000, 0x000000070a600000|  0%| F|  |TAMS 0x000000070a400000, 0x000000070a400000| Untracked 
|  65|0x000000070a600000, 0x000000070a600000, 0x000000070a800000|  0%| F|  |TAMS 0x000000070a600000, 0x000000070a600000| Untracked 
|  66|0x000000070a800000, 0x000000070a800000, 0x000000070aa00000|  0%| F|  |TAMS 0x000000070a800000, 0x000000070a800000| Untracked 
|  67|0x000000070aa00000, 0x000000070aa00000, 0x000000070ac00000|  0%| F|  |TAMS 0x000000070aa00000, 0x000000070aa00000| Untracked 
|  68|0x000000070ac00000, 0x000000070ac00000, 0x000000070ae00000|  0%| F|  |TAMS 0x000000070ac00000, 0x000000070ac00000| Untracked 
|  69|0x000000070ae00000, 0x000000070ae00000, 0x000000070b000000|  0%| F|  |TAMS 0x000000070ae00000, 0x000000070ae00000| Untracked 
|  70|0x000000070b000000, 0x000000070b000000, 0x000000070b200000|  0%| F|  |TAMS 0x000000070b000000, 0x000000070b000000| Untracked 
|  71|0x000000070b200000, 0x000000070b200000, 0x000000070b400000|  0%| F|  |TAMS 0x000000070b200000, 0x000000070b200000| Untracked 
|  72|0x000000070b400000, 0x000000070b400000, 0x000000070b600000|  0%| F|  |TAMS 0x000000070b400000, 0x000000070b400000| Untracked 
|  73|0x000000070b600000, 0x000000070b600000, 0x000000070b800000|  0%| F|  |TAMS 0x000000070b600000, 0x000000070b600000| Untracked 
|  74|0x000000070b800000, 0x000000070b800000, 0x000000070ba00000|  0%| F|  |TAMS 0x000000070b800000, 0x000000070b800000| Untracked 
|  75|0x000000070ba00000, 0x000000070ba00000, 0x000000070bc00000|  0%| F|  |TAMS 0x000000070ba00000, 0x000000070ba00000| Untracked 
|  76|0x000000070bc00000, 0x000000070bc00000, 0x000000070be00000|  0%| F|  |TAMS 0x000000070bc00000, 0x000000070bc00000| Untracked 
|  77|0x000000070be00000, 0x000000070be00000, 0x000000070c000000|  0%| F|  |TAMS 0x000000070be00000, 0x000000070be00000| Untracked 
|  78|0x000000070c000000, 0x000000070c000000, 0x000000070c200000|  0%| F|  |TAMS 0x000000070c000000, 0x000000070c000000| Untracked 
|  79|0x000000070c200000, 0x000000070c200000, 0x000000070c400000|  0%| F|  |TAMS 0x000000070c200000, 0x000000070c200000| Untracked 
|  80|0x000000070c400000, 0x000000070c400000, 0x000000070c600000|  0%| F|  |TAMS 0x000000070c400000, 0x000000070c400000| Untracked 
|  81|0x000000070c600000, 0x000000070c600000, 0x000000070c800000|  0%| F|  |TAMS 0x000000070c600000, 0x000000070c600000| Untracked 
|  82|0x000000070c800000, 0x000000070c800000, 0x000000070ca00000|  0%| F|  |TAMS 0x000000070c800000, 0x000000070c800000| Untracked 
|  83|0x000000070ca00000, 0x000000070ca00000, 0x000000070cc00000|  0%| F|  |TAMS 0x000000070ca00000, 0x000000070ca00000| Untracked 
| 105|0x000000070f600000, 0x000000070f600000, 0x000000070f800000|  0%| F|  |TAMS 0x000000070f600000, 0x000000070f600000| Untracked 
| 106|0x000000070f800000, 0x000000070f800000, 0x000000070fa00000|  0%| F|  |TAMS 0x000000070f800000, 0x000000070f800000| Untracked 
| 107|0x000000070fa00000, 0x000000070fb00800, 0x000000070fc00000| 50%| E|  |TAMS 0x000000070fa00000, 0x000000070fa00000| Complete 
| 126|0x0000000712000000, 0x0000000712200000, 0x0000000712200000|100%| E|CS|TAMS 0x0000000712000000, 0x0000000712000000| Complete 
|2029|0x00000007ffe00000, 0x0000000800000000, 0x0000000800000000|100%| O|  |TAMS 0x0000000800000000, 0x00000007ffe00000| Untracked 

Card table byte_map: [0x0000028f37d90000,0x0000028f38580000] _byte_map_base: 0x0000028f3457e000

Marking Bits (Prev, Next): (CMBitMap*) 0x0000028f22ca8670, (CMBitMap*) 0x0000028f22ca8630
 Prev Bits: [0x0000028f3cce0000, 0x0000028f40c50000)
 Next Bits: [0x0000028f38d70000, 0x0000028f3cce0000)

Polling page: 0x0000028f22d00000

Metaspace:

Usage:
  Non-class:     72.28 MB used.
      Class:      9.13 MB used.
       Both:     81.40 MB used.

Virtual space:
  Non-class space:      128.00 MB reserved,      72.50 MB ( 57%) committed,  2 nodes.
      Class space:        1.00 GB reserved,       9.31 MB ( <1%) committed,  1 nodes.
             Both:        1.12 GB reserved,      81.81 MB (  7%) committed. 

Chunk freelists:
   Non-Class:  7.16 MB
       Class:  6.53 MB
        Both:  13.69 MB

MaxMetaspaceSize: unlimited
CompressedClassSpaceSize: 1.00 GB
Initial GC threshold: 21.00 MB
Current GC threshold: 98.06 MB
CDS: off
MetaspaceReclaimPolicy: balanced
 - commit_granule_bytes: 65536.
 - commit_granule_words: 8192.
 - virtual_space_node_default_size: 8388608.
 - enlarge_chunks_in_place: 1.
 - new_chunks_are_fully_committed: 0.
 - uncommit_free_chunks: 1.
 - use_allocation_guard: 0.
 - handle_deallocations: 1.


Internal statistics:

num_allocs_failed_limit: 9.
num_arena_births: 460.
num_arena_deaths: 0.
num_vsnodes_births: 3.
num_vsnodes_deaths: 0.
num_space_committed: 1307.
num_space_uncommitted: 0.
num_chunks_returned_to_freelist: 9.
num_chunks_taken_from_freelist: 3192.
num_chunk_merges: 9.
num_chunk_splits: 2576.
num_chunks_enlarged: 2216.
num_inconsistent_stats: 0.

CodeHeap 'non-profiled nmethods': size=120000Kb used=6464Kb max_used=6464Kb free=113535Kb
 bounds [0x0000028f2f3f0000, 0x0000028f2fa50000, 0x0000028f36920000]
CodeHeap 'profiled nmethods': size=120000Kb used=34408Kb max_used=34408Kb free=85591Kb
 bounds [0x0000028f27920000, 0x0000028f29ad0000, 0x0000028f2ee50000]
CodeHeap 'non-nmethods': size=5760Kb used=1403Kb max_used=1454Kb free=4357Kb
 bounds [0x0000028f2ee50000, 0x0000028f2f0c0000, 0x0000028f2f3f0000]
 total_blobs=12319 nmethods=11590 adapters=638
 compilation: enabled
              stopped_count=0, restarted_count=0
 full_count=0

Compilation events (20 events):
Event: 9.751 Thread 0x0000028f43b6f510 nmethod 13466 0x0000028f2fa3df90 code [0x0000028f2fa3e120, 0x0000028f2fa3e1f8]
Event: 9.751 Thread 0x0000028f43b6f510 13467       1       org.jetbrains.kotlin.ir.builders.declarations.IrFieldBuilder::getMetadata (5 bytes)
Event: 9.751 Thread 0x0000028f43b6f510 nmethod 13467 0x0000028f2fa3e290 code [0x0000028f2fa3e420, 0x0000028f2fa3e4f8]
Event: 9.751 Thread 0x0000028f43b6f510 13487       1       org.jetbrains.kotlin.ir.builders.declarations.IrFieldBuilder::setStatic (6 bytes)
Event: 9.751 Thread 0x0000028f43b6f510 nmethod 13487 0x0000028f2fa3e590 code [0x0000028f2fa3e720, 0x0000028f2fa3e7f8]
Event: 9.751 Thread 0x0000028f43b6f510 13534       3       org.jetbrains.kotlin.backend.jvm.lower.JvmValueClassAbstractLowering::visitContainerExpression (20 bytes)
Event: 9.752 Thread 0x0000028f43b6f510 nmethod 13534 0x0000028f28237110 code [0x0000028f28237320, 0x0000028f28237908]
Event: 9.752 Thread 0x0000028f43b6f510 13533       3       org.jetbrains.kotlin.ir.declarations.lazy.IrLazyTypeParameter::getSuperTypes (19 bytes)
Event: 9.752 Thread 0x0000028f43b6f510 nmethod 13533 0x0000028f27ce7f10 code [0x0000028f27ce80c0, 0x0000028f27ce83c8]
Event: 9.752 Thread 0x0000028f43b6f510 13535       3       org.jetbrains.kotlin.backend.jvm.ir.JvmIrTypeUtilsKt::getErasedUpperBound (83 bytes)
Event: 9.753 Thread 0x0000028f43b6f510 nmethod 13535 0x0000028f29a9eb90 code [0x0000028f29a9f0e0, 0x0000028f29aa1a08]
Event: 9.753 Thread 0x0000028f43b6f510 13536       3       java.lang.invoke.VarHandleByteArrayAsInts$ArrayHandle::index (12 bytes)
Event: 9.753 Thread 0x0000028f43b6f510 nmethod 13536 0x0000028f28218b10 code [0x0000028f28218cc0, 0x0000028f28218ec8]
Event: 9.753 Thread 0x0000028f43b6f510 13537       3       jdk.internal.misc.Unsafe::convEndian (16 bytes)
Event: 9.753 Thread 0x0000028f43b6f510 nmethod 13537 0x0000028f293d1410 code [0x0000028f293d15a0, 0x0000028f293d1778]
Event: 9.753 Thread 0x0000028f43b6f510 13538       3       jdk.internal.misc.Unsafe::getIntUnaligned (12 bytes)
Event: 9.753 Thread 0x0000028f43b6f510 nmethod 13538 0x0000028f28322b90 code [0x0000028f28322d40, 0x0000028f28322f98]
Event: 9.753 Thread 0x0000028f43b6f510 13539       3       jdk.internal.misc.Unsafe::getIntUnaligned (83 bytes)
Event: 9.753 Thread 0x0000028f43b6f510 nmethod 13539 0x0000028f29240c10 code [0x0000028f29240de0, 0x0000028f292412a8]
Event: 9.753 Thread 0x0000028f43b6f510 13540       3       java.lang.invoke.VarHandleGuards::guard_LI_I (78 bytes)

GC Heap History (20 events):
Event: 1.979 GC heap before
{Heap before GC invocations=7 (full 0):
 garbage-first heap   total 43008K, used 23732K [0x0000000702400000, 0x0000000800000000)
  region size 2048K, 5 young (10240K), 1 survivors (2048K)
 Metaspace       used 35719K, committed 35968K, reserved 1114112K
  class space    used 4538K, committed 4672K, reserved 1048576K
}
Event: 1.982 GC heap after
{Heap after GC invocations=8 (full 0):
 garbage-first heap   total 43008K, used 18498K [0x0000000702400000, 0x0000000800000000)
  region size 2048K, 1 young (2048K), 1 survivors (2048K)
 Metaspace       used 35719K, committed 35968K, reserved 1114112K
  class space    used 4538K, committed 4672K, reserved 1048576K
}
Event: 2.114 GC heap before
{Heap before GC invocations=9 (full 0):
 garbage-first heap   total 43008K, used 28738K [0x0000000702400000, 0x0000000800000000)
  region size 2048K, 6 young (12288K), 1 survivors (2048K)
 Metaspace       used 37493K, committed 37760K, reserved 1114112K
  class space    used 4732K, committed 4864K, reserved 1048576K
}
Event: 2.116 GC heap after
{Heap after GC invocations=10 (full 0):
 garbage-first heap   total 151552K, used 19920K [0x0000000702400000, 0x0000000800000000)
  region size 2048K, 1 young (2048K), 1 survivors (2048K)
 Metaspace       used 37493K, committed 37760K, reserved 1114112K
  class space    used 4732K, committed 4864K, reserved 1048576K
}
Event: 3.269 GC heap before
{Heap before GC invocations=10 (full 0):
 garbage-first heap   total 151552K, used 99792K [0x0000000702400000, 0x0000000800000000)
  region size 2048K, 39 young (79872K), 1 survivors (2048K)
 Metaspace       used 51580K, committed 51840K, reserved 1114112K
  class space    used 6239K, committed 6336K, reserved 1048576K
}
Event: 3.280 GC heap after
{Heap after GC invocations=11 (full 0):
 garbage-first heap   total 151552K, used 30452K [0x0000000702400000, 0x0000000800000000)
  region size 2048K, 5 young (10240K), 5 survivors (10240K)
 Metaspace       used 51580K, committed 51840K, reserved 1114112K
  class space    used 6239K, committed 6336K, reserved 1048576K
}
Event: 4.220 GC heap before
{Heap before GC invocations=11 (full 0):
 garbage-first heap   total 151552K, used 102132K [0x0000000702400000, 0x0000000800000000)
  region size 2048K, 40 young (81920K), 5 survivors (10240K)
 Metaspace       used 54040K, committed 54272K, reserved 1114112K
  class space    used 6381K, committed 6464K, reserved 1048576K
}
Event: 4.234 GC heap after
{Heap after GC invocations=12 (full 0):
 garbage-first heap   total 151552K, used 40089K [0x0000000702400000, 0x0000000800000000)
  region size 2048K, 5 young (10240K), 5 survivors (10240K)
 Metaspace       used 54040K, committed 54272K, reserved 1114112K
  class space    used 6381K, committed 6464K, reserved 1048576K
}
Event: 5.309 GC heap before
{Heap before GC invocations=12 (full 0):
 garbage-first heap   total 151552K, used 107673K [0x0000000702400000, 0x0000000800000000)
  region size 2048K, 38 young (77824K), 5 survivors (10240K)
 Metaspace       used 59958K, committed 60160K, reserved 1114112K
  class space    used 7055K, committed 7168K, reserved 1048576K
}
Event: 5.325 GC heap after
{Heap after GC invocations=13 (full 0):
 garbage-first heap   total 151552K, used 48013K [0x0000000702400000, 0x0000000800000000)
  region size 2048K, 4 young (8192K), 4 survivors (8192K)
 Metaspace       used 59958K, committed 60160K, reserved 1114112K
  class space    used 7055K, committed 7168K, reserved 1048576K
}
Event: 5.325 GC heap before
{Heap before GC invocations=13 (full 0):
 garbage-first heap   total 151552K, used 48013K [0x0000000702400000, 0x0000000800000000)
  region size 2048K, 5 young (10240K), 4 survivors (8192K)
 Metaspace       used 59959K, committed 60160K, reserved 1114112K
  class space    used 7055K, committed 7168K, reserved 1048576K
}
Event: 5.332 GC heap after
{Heap after GC invocations=14 (full 0):
 garbage-first heap   total 151552K, used 49175K [0x0000000702400000, 0x0000000800000000)
  region size 2048K, 1 young (2048K), 1 survivors (2048K)
 Metaspace       used 59959K, committed 60160K, reserved 1114112K
  class space    used 7055K, committed 7168K, reserved 1048576K
}
Event: 7.024 GC heap before
{Heap before GC invocations=15 (full 0):
 garbage-first heap   total 151552K, used 114711K [0x0000000702400000, 0x0000000800000000)
  region size 2048K, 33 young (67584K), 1 survivors (2048K)
 Metaspace       used 64236K, committed 64512K, reserved 1114112K
  class space    used 7395K, committed 7552K, reserved 1048576K
}
Event: 7.034 GC heap after
{Heap after GC invocations=16 (full 0):
 garbage-first heap   total 151552K, used 54700K [0x0000000702400000, 0x0000000800000000)
  region size 2048K, 4 young (8192K), 4 survivors (8192K)
 Metaspace       used 64236K, committed 64512K, reserved 1114112K
  class space    used 7395K, committed 7552K, reserved 1048576K
}
Event: 8.037 GC heap before
{Heap before GC invocations=16 (full 0):
 garbage-first heap   total 151552K, used 114092K [0x0000000702400000, 0x0000000800000000)
  region size 2048K, 33 young (67584K), 4 survivors (8192K)
 Metaspace       used 72143K, committed 72448K, reserved 1114112K
  class space    used 8245K, committed 8384K, reserved 1048576K
}
Event: 8.050 GC heap after
{Heap after GC invocations=17 (full 0):
 garbage-first heap   total 151552K, used 62099K [0x0000000702400000, 0x0000000800000000)
  region size 2048K, 4 young (8192K), 4 survivors (8192K)
 Metaspace       used 72143K, committed 72448K, reserved 1114112K
  class space    used 8245K, committed 8384K, reserved 1048576K
}
Event: 8.812 GC heap before
{Heap before GC invocations=17 (full 0):
 garbage-first heap   total 151552K, used 115347K [0x0000000702400000, 0x0000000800000000)
  region size 2048K, 30 young (61440K), 4 survivors (8192K)
 Metaspace       used 75735K, committed 76160K, reserved 1179648K
  class space    used 8630K, committed 8832K, reserved 1048576K
}
Event: 8.828 GC heap after
{Heap after GC invocations=18 (full 0):
 garbage-first heap   total 182272K, used 70751K [0x0000000702400000, 0x0000000800000000)
  region size 2048K, 4 young (8192K), 4 survivors (8192K)
 Metaspace       used 75735K, committed 76160K, reserved 1179648K
  class space    used 8630K, committed 8832K, reserved 1048576K
}
Event: 9.672 GC heap before
{Heap before GC invocations=18 (full 0):
 garbage-first heap   total 182272K, used 138335K [0x0000000702400000, 0x0000000800000000)
  region size 2048K, 37 young (75776K), 4 survivors (8192K)
 Metaspace       used 83223K, committed 83584K, reserved 1179648K
  class space    used 9343K, committed 9536K, reserved 1048576K
}
Event: 9.682 GC heap after
{Heap after GC invocations=19 (full 0):
 garbage-first heap   total 182272K, used 76556K [0x0000000702400000, 0x0000000800000000)
  region size 2048K, 3 young (6144K), 3 survivors (6144K)
 Metaspace       used 83223K, committed 83584K, reserved 1179648K
  class space    used 9343K, committed 9536K, reserved 1048576K
}

Dll operation events (2 events):
Event: 0.006 Loaded shared library D:\Android\Android Studio\jbr\bin\java.dll
Event: 1.298 Loaded shared library D:\Android\Android Studio\jbr\bin\verify.dll

Deoptimization events (20 events):
Event: 9.448 Thread 0x0000028f22c3e160 Uncommon trap: trap_request=0xffffffde fr.pc=0x0000028f2fa05920 relative=0x0000000000000080
Event: 9.448 Thread 0x0000028f22c3e160 Uncommon trap: reason=class_check action=maybe_recompile pc=0x0000028f2fa05920 method=org.jetbrains.kotlin.ir.util.IrFakeOverrideUtilsKt$resolveFakeOverrideOrNull$2.invoke(Ljava/lang/Object;)Ljava/lang/Object; @ 2 c2
Event: 9.448 Thread 0x0000028f22c3e160 DEOPT PACKING pc=0x0000028f2fa05920 sp=0x000000a8916fd200
Event: 9.448 Thread 0x0000028f22c3e160 DEOPT UNPACKING pc=0x0000028f2eea69a3 sp=0x000000a8916fd188 mode 2
Event: 9.448 Thread 0x0000028f22c3e160 Uncommon trap: trap_request=0xffffffde fr.pc=0x0000028f2fa05920 relative=0x0000000000000080
Event: 9.448 Thread 0x0000028f22c3e160 Uncommon trap: reason=class_check action=maybe_recompile pc=0x0000028f2fa05920 method=org.jetbrains.kotlin.ir.util.IrFakeOverrideUtilsKt$resolveFakeOverrideOrNull$2.invoke(Ljava/lang/Object;)Ljava/lang/Object; @ 2 c2
Event: 9.448 Thread 0x0000028f22c3e160 DEOPT PACKING pc=0x0000028f2fa05920 sp=0x000000a8916fd200
Event: 9.448 Thread 0x0000028f22c3e160 DEOPT UNPACKING pc=0x0000028f2eea69a3 sp=0x000000a8916fd188 mode 2
Event: 9.448 Thread 0x0000028f22c3e160 Uncommon trap: trap_request=0xffffffde fr.pc=0x0000028f2fa05920 relative=0x0000000000000080
Event: 9.448 Thread 0x0000028f22c3e160 Uncommon trap: reason=class_check action=maybe_recompile pc=0x0000028f2fa05920 method=org.jetbrains.kotlin.ir.util.IrFakeOverrideUtilsKt$resolveFakeOverrideOrNull$2.invoke(Ljava/lang/Object;)Ljava/lang/Object; @ 2 c2
Event: 9.448 Thread 0x0000028f22c3e160 DEOPT PACKING pc=0x0000028f2fa05920 sp=0x000000a8916fd200
Event: 9.448 Thread 0x0000028f22c3e160 DEOPT UNPACKING pc=0x0000028f2eea69a3 sp=0x000000a8916fd188 mode 2
Event: 9.448 Thread 0x0000028f22c3e160 Uncommon trap: trap_request=0xffffffde fr.pc=0x0000028f2fa05920 relative=0x0000000000000080
Event: 9.448 Thread 0x0000028f22c3e160 Uncommon trap: reason=class_check action=maybe_recompile pc=0x0000028f2fa05920 method=org.jetbrains.kotlin.ir.util.IrFakeOverrideUtilsKt$resolveFakeOverrideOrNull$2.invoke(Ljava/lang/Object;)Ljava/lang/Object; @ 2 c2
Event: 9.448 Thread 0x0000028f22c3e160 DEOPT PACKING pc=0x0000028f2fa05920 sp=0x000000a8916fd200
Event: 9.448 Thread 0x0000028f22c3e160 DEOPT UNPACKING pc=0x0000028f2eea69a3 sp=0x000000a8916fd188 mode 2
Event: 9.541 Thread 0x0000028f22c3e160 Uncommon trap: trap_request=0xffffffde fr.pc=0x0000028f2fa15fcc relative=0x0000000000002e8c
Event: 9.541 Thread 0x0000028f22c3e160 Uncommon trap: reason=class_check action=maybe_recompile pc=0x0000028f2fa15fcc method=org.jetbrains.kotlin.ir.util.IrFakeOverrideUtilsKt$resolveFakeOverrideOrNull$2.invoke(Ljava/lang/Object;)Ljava/lang/Object; @ 2 c2
Event: 9.541 Thread 0x0000028f22c3e160 DEOPT PACKING pc=0x0000028f2fa15fcc sp=0x000000a8916fd280
Event: 9.541 Thread 0x0000028f22c3e160 DEOPT UNPACKING pc=0x0000028f2eea69a3 sp=0x000000a8916fd1f8 mode 2

Classes unloaded (0 events):
No events

Classes redefined (0 events):
No events

Internal exceptions (20 events):
Event: 4.675 Thread 0x0000028f22c3e160 Exception <a 'java/lang/NoSuchMethodError'{0x000000070942dbf0}: 'java.lang.Object java.lang.invoke.DirectMethodHandle$Holder.newInvokeSpecial(java.lang.Object, java.lang.Object, java.lang.Object, java.lang.Object, int)'> (0x000000070942dbf0) 
thrown [s\src\hotspot\share\interpreter\linkResolver.cpp, line 771]
Event: 4.676 Thread 0x0000028f22c3e160 Exception <a 'java/lang/NoSuchMethodError'{0x0000000709435cc0}: 'java.lang.Object java.lang.invoke.Invokers$Holder.linkToTargetMethod(java.lang.Object, java.lang.Object, java.lang.Object, int, java.lang.Object)'> (0x0000000709435cc0) 
thrown [s\src\hotspot\share\interpreter\linkResolver.cpp, line 771]
Event: 4.936 Thread 0x0000028f22c3e160 Exception <a 'java/lang/NoSuchMethodError'{0x0000000708de2bf8}: 'int java.lang.invoke.DirectMethodHandle$Holder.invokeStaticInit(java.lang.Object, int)'> (0x0000000708de2bf8) 
thrown [s\src\hotspot\share\interpreter\linkResolver.cpp, line 771]
Event: 5.151 Thread 0x0000028f22c3e160 Implicit null exception at 0x0000028f2f6a21bc to 0x0000028f2f6a2ab8
Event: 5.253 Thread 0x0000028f22c3e160 Implicit null exception at 0x0000028f2f6bcb34 to 0x0000028f2f6bcbc5
Event: 5.547 Thread 0x0000028f22c3e160 Exception <a 'java/lang/NoSuchMethodError'{0x000000070f7e5888}: 'java.lang.Object java.lang.invoke.DirectMethodHandle$Holder.newInvokeSpecial(java.lang.Object, java.lang.Object, java.lang.Object, java.lang.Object, java.lang.Object, java.lang.Object, java.lang.Object)'> (0x000000070f7e5888) 
thrown [s\src\hotspot\share\interpreter\linkResolver.cpp, line 771]
Event: 5.547 Thread 0x0000028f22c3e160 Exception <a 'java/lang/NoSuchMethodError'{0x000000070f7ea6e8}: 'java.lang.Object java.lang.invoke.Invokers$Holder.linkToTargetMethod(java.lang.Object, java.lang.Object, java.lang.Object, java.lang.Object, java.lang.Object, java.lang.Object, java.lang.Object)'> (0x000000070f7ea6e8) 
thrown [s\src\hotspot\share\interpreter\linkResolver.cpp, line 771]
Event: 6.176 Thread 0x0000028f22c3e160 Implicit null exception at 0x0000028f2f7dac2c to 0x0000028f2f7dacf8
Event: 6.660 Thread 0x0000028f22c3e160 Exception <a 'java/lang/NoSuchMethodError'{0x0000000708427808}: 'java.lang.Object java.lang.invoke.DirectMethodHandle$Holder.newInvokeSpecial(java.lang.Object, int, java.lang.Object)'> (0x0000000708427808) 
thrown [s\src\hotspot\share\interpreter\linkResolver.cpp, line 771]
Event: 6.660 Thread 0x0000028f22c3e160 Exception <a 'java/lang/NoSuchMethodError'{0x000000070842e3b8}: 'int java.lang.invoke.DirectMethodHandle$Holder.invokeInterface(java.lang.Object, java.lang.Object)'> (0x000000070842e3b8) 
thrown [s\src\hotspot\share\interpreter\linkResolver.cpp, line 771]
Event: 6.747 Thread 0x0000028f22c3e160 Implicit null exception at 0x0000028f2f48d28f to 0x0000028f2f48d50c
Event: 7.060 Thread 0x0000028f22c3e160 Exception <a 'java/lang/NoSuchMethodError'{0x000000071213dda0}: 'java.lang.Object java.lang.invoke.DirectMethodHandle$Holder.invokeStaticInit(java.lang.Object, java.lang.Object, java.lang.Object, java.lang.Object)'> (0x000000071213dda0) 
thrown [s\src\hotspot\share\interpreter\linkResolver.cpp, line 771]
Event: 7.353 Thread 0x0000028f22c3e160 Exception <a 'java/lang/NoSuchMethodError'{0x000000070a19cc60}: 'java.lang.Object java.lang.invoke.DirectMethodHandle$Holder.newInvokeSpecial(java.lang.Object, java.lang.Object, java.lang.Object, int, int)'> (0x000000070a19cc60) 
thrown [s\src\hotspot\share\interpreter\linkResolver.cpp, line 771]
Event: 7.353 Thread 0x0000028f22c3e160 Exception <a 'java/lang/NoSuchMethodError'{0x000000070a1a0aa0}: 'java.lang.Object java.lang.invoke.DirectMethodHandle$Holder.invokeSpecial(java.lang.Object, java.lang.Object, java.lang.Object, java.lang.Object, int, int)'> (0x000000070a1a0aa0) 
thrown [s\src\hotspot\share\interpreter\linkResolver.cpp, line 771]
Event: 7.362 Thread 0x0000028f22c3e160 Exception <a 'java/lang/NoSuchMethodError'{0x000000070a1ce418}: 'java.lang.Object java.lang.invoke.DirectMethodHandle$Holder.invokeSpecial(java.lang.Object, java.lang.Object, int, int, java.lang.Object, java.lang.Object, java.lang.Object, java.lang.Object, java.lang.Object)'> (0x000000070a1ce418) 
thrown [s\src\hotspot\share\interpreter\linkResolver.cpp, line 771]
Event: 7.460 Thread 0x0000028f22c3e160 Exception <a 'java/lang/NoSuchMethodError'{0x0000000709d77a68}: 'java.lang.Object java.lang.invoke.DirectMethodHandle$Holder.newInvokeSpecial(java.lang.Object, java.lang.Object, int, int, java.lang.Object, java.lang.Object, java.lang.Object)'> (0x0000000709d77a68) 
thrown [s\src\hotspot\share\interpreter\linkResolver.cpp, line 771]
Event: 7.460 Thread 0x0000028f22c3e160 Exception <a 'java/lang/NoSuchMethodError'{0x0000000709d7c310}: 'java.lang.Object java.lang.invoke.DirectMethodHandle$Holder.invokeSpecial(java.lang.Object, java.lang.Object, java.lang.Object, int, int, java.lang.Object, java.lang.Object, java.lang.Object)'> (0x0000000709d7c310) 
thrown [s\src\hotspot\share\interpreter\linkResolver.cpp, line 771]
Event: 7.696 Thread 0x0000028f22c3e160 Exception <a 'java/lang/NoSuchMethodError'{0x000000070905e9b8}: 'java.lang.Object java.lang.invoke.DirectMethodHandle$Holder.invokeStatic(java.lang.Object, int, java.lang.Object)'> (0x000000070905e9b8) 
thrown [s\src\hotspot\share\interpreter\linkResolver.cpp, line 771]
Event: 7.702 Thread 0x0000028f22c3e160 Exception <a 'java/lang/NoSuchMethodError'{0x0000000709085f78}: 'java.lang.Object java.lang.invoke.DirectMethodHandle$Holder.newInvokeSpecial(java.lang.Object, int, java.lang.Object, java.lang.Object)'> (0x0000000709085f78) 
thrown [s\src\hotspot\share\interpreter\linkResolver.cpp, line 771]
Event: 8.634 Thread 0x0000028f22c3e160 Implicit null exception at 0x0000028f2f459619 to 0x0000028f2f459900

VM Operations (20 events):
Event: 9.157 Executing VM operation: HandshakeAllThreads
Event: 9.157 Executing VM operation: HandshakeAllThreads done
Event: 9.224 Executing VM operation: ICBufferFull
Event: 9.224 Executing VM operation: ICBufferFull done
Event: 9.266 Executing VM operation: HandshakeAllThreads
Event: 9.266 Executing VM operation: HandshakeAllThreads done
Event: 9.289 Executing VM operation: HandshakeAllThreads
Event: 9.289 Executing VM operation: HandshakeAllThreads done
Event: 9.297 Executing VM operation: ICBufferFull
Event: 9.298 Executing VM operation: ICBufferFull done
Event: 9.358 Executing VM operation: ICBufferFull
Event: 9.358 Executing VM operation: ICBufferFull done
Event: 9.483 Executing VM operation: ICBufferFull
Event: 9.483 Executing VM operation: ICBufferFull done
Event: 9.574 Executing VM operation: ICBufferFull
Event: 9.574 Executing VM operation: ICBufferFull done
Event: 9.667 Executing VM operation: ICBufferFull
Event: 9.668 Executing VM operation: ICBufferFull done
Event: 9.672 Executing VM operation: G1CollectForAllocation
Event: 9.682 Executing VM operation: G1CollectForAllocation done

Events (20 events):
Event: 9.309 Thread 0x0000028f43b71e30 flushing nmethod 0x0000028f29350790
Event: 9.309 Thread 0x0000028f43b71e30 flushing nmethod 0x0000028f2935fb90
Event: 9.309 Thread 0x0000028f43b71e30 flushing nmethod 0x0000028f29368910
Event: 9.309 Thread 0x0000028f43b71e30 flushing nmethod 0x0000028f29395d90
Event: 9.309 Thread 0x0000028f43b71e30 flushing nmethod 0x0000028f293cc790
Event: 9.309 Thread 0x0000028f43b71e30 flushing nmethod 0x0000028f293d1410
Event: 9.309 Thread 0x0000028f43b71e30 flushing nmethod 0x0000028f29406110
Event: 9.309 Thread 0x0000028f43b71e30 flushing nmethod 0x0000028f29423690
Event: 9.310 Thread 0x0000028f43b71e30 flushing nmethod 0x0000028f2944a790
Event: 9.310 Thread 0x0000028f43b71e30 flushing nmethod 0x0000028f2944bf90
Event: 9.310 Thread 0x0000028f43b71e30 flushing nmethod 0x0000028f2944f010
Event: 9.310 Thread 0x0000028f43b71e30 flushing nmethod 0x0000028f2945ae90
Event: 9.310 Thread 0x0000028f43b71e30 flushing nmethod 0x0000028f29467090
Event: 9.310 Thread 0x0000028f43b71e30 flushing nmethod 0x0000028f294e2990
Event: 9.310 Thread 0x0000028f43b71e30 flushing nmethod 0x0000028f294f3390
Event: 9.310 Thread 0x0000028f43b71e30 flushing nmethod 0x0000028f29575f10
Event: 9.311 Thread 0x0000028f43b71e30 flushing nmethod 0x0000028f29623810
Event: 9.311 Thread 0x0000028f43b71e30 flushing nmethod 0x0000028f29623b90
Event: 9.311 Thread 0x0000028f43b71e30 flushing nmethod 0x0000028f29630010
Event: 9.311 Thread 0x0000028f43b71e30 flushing nmethod 0x0000028f29633590


Dynamic libraries:
0x00007ff605c40000 - 0x00007ff605c4a000 	D:\Android\Android Studio\jbr\bin\java.exe
0x00007ffaca650000 - 0x00007ffaca848000 	C:\WINDOWS\SYSTEM32\ntdll.dll
0x00007ffac89b0000 - 0x00007ffac8a72000 	C:\WINDOWS\System32\KERNEL32.DLL
0x00007ffac8240000 - 0x00007ffac853e000 	C:\WINDOWS\System32\KERNELBASE.dll
0x00007ffac7e90000 - 0x00007ffac7f90000 	C:\WINDOWS\System32\ucrtbase.dll
0x00007ffab8840000 - 0x00007ffab885b000 	D:\Android\Android Studio\jbr\bin\VCRUNTIME140.dll
0x00007ffaaa100000 - 0x00007ffaaa117000 	D:\Android\Android Studio\jbr\bin\jli.dll
0x00007ffac8720000 - 0x00007ffac88bd000 	C:\WINDOWS\System32\USER32.dll
0x00007ffac8210000 - 0x00007ffac8232000 	C:\WINDOWS\System32\win32u.dll
0x00007ffab5f30000 - 0x00007ffab61ca000 	C:\WINDOWS\WinSxS\amd64_microsoft.windows.common-controls_6595b64144ccf1df_6.0.19041.4355_none_60b8b9eb71f62e16\COMCTL32.dll
0x00007ffac8980000 - 0x00007ffac89ab000 	C:\WINDOWS\System32\GDI32.dll
0x00007ffac9d10000 - 0x00007ffac9dae000 	C:\WINDOWS\System32\msvcrt.dll
0x00007ffac7f90000 - 0x00007ffac80a7000 	C:\WINDOWS\System32\gdi32full.dll
0x00007ffac8540000 - 0x00007ffac85dd000 	C:\WINDOWS\System32\msvcp_win.dll
0x00007ffac8670000 - 0x00007ffac869f000 	C:\WINDOWS\System32\IMM32.DLL
0x00007ffac2fc0000 - 0x00007ffac2fcc000 	D:\Android\Android Studio\jbr\bin\vcruntime140_1.dll
0x00007ffaaa280000 - 0x00007ffaaa30d000 	D:\Android\Android Studio\jbr\bin\msvcp140.dll
0x00007ff9e9b70000 - 0x00007ff9ea7f3000 	D:\Android\Android Studio\jbr\bin\server\jvm.dll
0x00007ffac88c0000 - 0x00007ffac8971000 	C:\WINDOWS\System32\ADVAPI32.dll
0x00007ffac9ac0000 - 0x00007ffac9b5f000 	C:\WINDOWS\System32\sechost.dll
0x00007ffaca4e0000 - 0x00007ffaca603000 	C:\WINDOWS\System32\RPCRT4.dll
0x00007ffac7d60000 - 0x00007ffac7d87000 	C:\WINDOWS\System32\bcrypt.dll
0x00007ffab28f0000 - 0x00007ffab28f9000 	C:\WINDOWS\SYSTEM32\WSOCK32.dll
0x00007ffab9f50000 - 0x00007ffab9f77000 	C:\WINDOWS\SYSTEM32\WINMM.dll
0x00007ffac7240000 - 0x00007ffac728b000 	C:\WINDOWS\SYSTEM32\POWRPROF.dll
0x00007ffac0720000 - 0x00007ffac072a000 	C:\WINDOWS\SYSTEM32\VERSION.dll
0x00007ffac9db0000 - 0x00007ffac9e1b000 	C:\WINDOWS\System32\WS2_32.dll
0x00007ffac70b0000 - 0x00007ffac70c2000 	C:\WINDOWS\SYSTEM32\UMPDC.dll
0x00007ffac5b50000 - 0x00007ffac5b62000 	C:\WINDOWS\SYSTEM32\kernel.appcore.dll
0x00007ffab88f0000 - 0x00007ffab88fa000 	D:\Android\Android Studio\jbr\bin\jimage.dll
0x00007ffac1250000 - 0x00007ffac1434000 	C:\WINDOWS\SYSTEM32\DBGHELP.DLL
0x00007ffab6e70000 - 0x00007ffab6ea4000 	C:\WINDOWS\SYSTEM32\dbgcore.DLL
0x00007ffac85e0000 - 0x00007ffac8662000 	C:\WINDOWS\System32\bcryptPrimitives.dll
0x00007ffaae5f0000 - 0x00007ffaae615000 	D:\Android\Android Studio\jbr\bin\java.dll
0x00007ffaaadf0000 - 0x00007ffaaae08000 	D:\Android\Android Studio\jbr\bin\zip.dll
0x00007ffac91b0000 - 0x00007ffac991d000 	C:\WINDOWS\System32\SHELL32.dll
0x00007ffac5d50000 - 0x00007ffac64f4000 	C:\WINDOWS\SYSTEM32\windows.storage.dll
0x00007ffaca160000 - 0x00007ffaca4b3000 	C:\WINDOWS\System32\combase.dll
0x00007ffac7640000 - 0x00007ffac766e000 	C:\WINDOWS\SYSTEM32\Wldp.dll
0x00007ffac8b90000 - 0x00007ffac8c5d000 	C:\WINDOWS\System32\OLEAUT32.dll
0x00007ffac8a80000 - 0x00007ffac8b2d000 	C:\WINDOWS\System32\SHCORE.dll
0x00007ffac8b30000 - 0x00007ffac8b85000 	C:\WINDOWS\System32\shlwapi.dll
0x00007ffac7c20000 - 0x00007ffac7c44000 	C:\WINDOWS\SYSTEM32\profapi.dll
0x00007ffaaa140000 - 0x00007ffaaa159000 	D:\Android\Android Studio\jbr\bin\net.dll
0x00007ffabede0000 - 0x00007ffabeeed000 	C:\WINDOWS\SYSTEM32\WINHTTP.dll
0x00007ffac7420000 - 0x00007ffac748a000 	C:\WINDOWS\system32\mswsock.dll
0x00007ffaaa120000 - 0x00007ffaaa136000 	D:\Android\Android Studio\jbr\bin\nio.dll
0x00007ffaaffc0000 - 0x00007ffaaffd0000 	D:\Android\Android Studio\jbr\bin\verify.dll

dbghelp: loaded successfully - version: 4.0.5 - missing functions: none
symbol engine: initialized successfully - sym options: 0x614 - pdb path: .;D:\Android\Android Studio\jbr\bin;C:\WINDOWS\SYSTEM32;C:\WINDOWS\WinSxS\amd64_microsoft.windows.common-controls_6595b64144ccf1df_6.0.19041.4355_none_60b8b9eb71f62e16;D:\Android\Android Studio\jbr\bin\server

VM Arguments:
java_command: org.jetbrains.kotlin.cli.jvm.K2JVMCompiler @C:\Users\Diogo\Documents\GitHub\SrCamelo_Mobile\app\build\20241102_17374348333343134829.compiler.options
java_class_path (initial): C:\Users\Diogo\.gradle\caches\modules-2\files-2.1\org.jetbrains.kotlin\kotlin-compiler-embeddable\1.9.0\2c8c3a7402becca891f12739b3e9fd2dc2adbd7a\kotlin-compiler-embeddable-1.9.0.jar;C:\Users\Diogo\.gradle\caches\modules-2\files-2.1\org.jetbrains.kotlin\kotlin-stdlib\1.9.0\8ee15ef0c67dc83d874f412d84378d7f0eb50b63\kotlin-stdlib-1.9.0.jar;C:\Users\Diogo\.gradle\caches\modules-2\files-2.1\org.jetbrains.kotlin\kotlin-script-runtime\1.9.0\4b3102cbbb7e1b58d9d1adf89563f00069ffa7d1\kotlin-script-runtime-1.9.0.jar;C:\Users\Diogo\.gradle\caches\modules-2\files-2.1\org.jetbrains.kotlin\kotlin-reflect\1.6.10\1cbe9c92c12a94eea200d23c2bbaedaf3daf5132\kotlin-reflect-1.6.10.jar;C:\Users\Diogo\.gradle\caches\modules-2\files-2.1\org.jetbrains.kotlin\kotlin-daemon-embeddable\1.9.0\186543f5e28cf8d9a0290fecc2cf34301c40a65c\kotlin-daemon-embeddable-1.9.0.jar;C:\Users\Diogo\.gradle\caches\modules-2\files-2.1\org.jetbrains.intellij.deps\trove4j\1.0.20200330\3afb14d5f9ceb459d724e907a21145e8ff394f02\trove4j-1.0.20200330.jar;C:\Users\Diogo\.gradle\caches\modules-2\files-2.1\org.jetbrains.kotlin\kotlin-stdlib-common\1.9.0\cd65c21cfd1eec4d44ef09f9f52b6d9f8a720636\kotlin-stdlib-common-1.9.0.jar;C:\Users\Diogo\.gradle\caches\modules-2\files-2.1\org.jetbrains\annotations\13.0\919f0dfe192fb4e063e7dacadee7f8bb9a2672a9\annotations-13.0.jar
Launcher Type: SUN_STANDARD

[Global flags]
     intx CICompilerCount                          = 4                                         {product} {ergonomic}
     uint ConcGCThreads                            = 3                                         {product} {ergonomic}
     uint G1ConcRefinementThreads                  = 10                                        {product} {ergonomic}
   size_t G1HeapRegionSize                         = 2097152                                   {product} {ergonomic}
    uintx GCDrainStackTargetSize                   = 64                                        {product} {ergonomic}
   size_t InitialHeapSize                          = 266338304                                 {product} {ergonomic}
   size_t MarkStackSize                            = 4194304                                   {product} {ergonomic}
   size_t MaxHeapSize                              = 4257218560                                {product} {ergonomic}
   size_t MaxNewSize                               = 2554331136                                {product} {ergonomic}
   size_t MinHeapDeltaBytes                        = 2097152                                   {product} {ergonomic}
   size_t MinHeapSize                              = 8388608                                   {product} {ergonomic}
    uintx NonNMethodCodeHeapSize                   = 5839372                                {pd product} {ergonomic}
    uintx NonProfiledCodeHeapSize                  = 122909434                              {pd product} {ergonomic}
    uintx ProfiledCodeHeapSize                     = 122909434                              {pd product} {ergonomic}
    uintx ReservedCodeCacheSize                    = 251658240                              {pd product} {ergonomic}
     bool SegmentedCodeCache                       = true                                      {product} {ergonomic}
   size_t SoftMaxHeapSize                          = 4257218560                             {manageable} {ergonomic}
     bool UseCompressedClassPointers               = true                           {product lp64_product} {ergonomic}
     bool UseCompressedOops                        = true                           {product lp64_product} {ergonomic}
     bool UseG1GC                                  = true                                      {product} {ergonomic}
     bool UseLargePagesIndividualAllocation        = false                                  {pd product} {ergonomic}

Logging:
Log output configuration:
 #0: stdout all=warning uptime,level,tags
 #1: stderr all=off uptime,level,tags

Environment Variables:
PATH=C:\WINDOWS\system32;C:\WINDOWS;C:\WINDOWS\System32\Wbem;C:\WINDOWS\System32\WindowsPowerShell\v1.0\;C:\WINDOWS\System32\OpenSSH\;C:\Program Files\Git\cmd;C:\Program Files\nodejs\;C:\Program Files\Amazon\AWSCLIV2\;C:\Program Files\Docker\Docker\resources\bin;C:\Users\Diogo\AppData\Local\Programs\Python\Python310\Scripts\;C:\Users\Diogo\AppData\Local\Programs\Python\Python310\;C:\Users\Diogo\AppData\Local\Programs\Python\Python312\Scripts\;C:\Users\Diogo\AppData\Local\Programs\Python\Python312\;C:\Users\Diogo\AppData\Local\Microsoft\WindowsApps;C:\Users\Diogo\AppData\Local\Programs\Microsoft VS Code\bin;C:\Users\Diogo\AppData\Local\GitHubDesktop\bin;C:\Users\Diogo\AppData\Roaming\npm
USERNAME=Diogo
OS=Windows_NT
PROCESSOR_IDENTIFIER=AMD64 Family 23 Model 96 Stepping 1, AuthenticAMD
TMP=C:\Users\Diogo\AppData\Local\Temp
TEMP=C:\Users\Diogo\AppData\Local\Temp



Periodic native trim disabled

JNI global refs:
JNI global refs: 13, weak refs: 31

JNI global refs memory usage: 843, weak refs: 841

Process memory usage:
Resident Set Size: 427176K (2% of 16622056K total physical memory with 2843332K free physical memory)

OOME stack traces (most recent first):
Classloader memory used:
Loader jdk.internal.loader.ClassLoaders$AppClassLoader                                 : 8670K
Loader bootstrap                                                                       : 1459K
Loader java.net.URLClassLoader                                                         : 272K
Loader jdk.internal.reflect.DelegatingClassLoader                                      : 17792B


---------------  S Y S T E M  ---------------

OS:
 Windows 10 , 64 bit Build 19041 (10.0.19041.5072)
OS uptime: 0 days 13:16 hours
Hyper-V role detected

CPU: total 12 (initial active 12) (12 cores per cpu, 2 threads per core) family 23 model 96 stepping 1 microcode 0x0, cx8, cmov, fxsr, ht, mmx, 3dnowpref, sse, sse2, sse3, ssse3, sse4a, sse4.1, sse4.2, popcnt, lzcnt, tsc, tscinvbit, avx, avx2, aes, clmul, bmi1, bmi2, adx, sha, fma, vzeroupper, clflush, clflushopt, hv
Processor Information for all 12 processors :
  Max Mhz: 3701, Current Mhz: 3701, Mhz Limit: 3701

Memory: 4k page, system-wide physical 16232M (2776M free)
TotalPageFile size 46041M (AvailPageFile size 7M)
current process WorkingSet (physical memory assigned to process): 417M, peak: 417M
current process commit charge ("private bytes"): 461M, peak: 463M

vm_info: OpenJDK 64-Bit Server VM (17.0.11+0--11852314) for windows-amd64 JRE (17.0.11+0--11852314), built on May 16 2024 21:29:20 by "androidbuild" with MS VC++ 16.10 / 16.11 (VS2019)

END.
