#
# There is insufficient memory for the Java Runtime Environment to continue.
# Native memory allocation (mmap) failed to map 266338304 bytes. Error detail: G1 virtual space
# Possible reasons:
#   The system is out of physical RAM or swap space
#   This process is running with CompressedOops enabled, and the Java Heap may be blocking the growth of the native heap
# Possible solutions:
#   Reduce memory load on the system
#   Increase physical memory or swap space
#   Check if swap backing store is full
#   Decrease Java heap size (-Xmx/-Xms)
#   Decrease number of Java threads
#   Decrease Java thread stack sizes (-Xss)
#   Set larger code cache with -XX:ReservedCodeCacheSize=
#   JVM is running with Zero Based Compressed Oops mode in which the Java heap is
#     placed in the first 32GB address space. The Java Heap base address is the
#     maximum limit for the native heap growth. Please use -XX:HeapBaseMinAddress
#     to set the Java Heap base and to place the Java Heap above 32GB virtual address.
# This output file may be truncated or incomplete.
#
#  Out of Memory Error (os_windows.cpp:3825), pid=14716, tid=14212
#
# JRE version:  (17.0.11) (build )
# Java VM: OpenJDK 64-Bit Server VM (17.0.11+0--11852314, mixed mode, sharing, tiered, compressed oops, compressed class ptrs, g1 gc, windows-amd64)
# No core dump will be written. Minidumps are not enabled by default on client versions of Windows
#

---------------  S U M M A R Y ------------

Command Line: org.jetbrains.kotlin.cli.jvm.K2JVMCompiler @C:\Users\Diogo\Documents\GitHub\SrCamelo_Mobile\app\build\20241102_6492278270980185390.compiler.options

Host: AMD Ryzen 5 4600G with Radeon Graphics, 12 cores, 15G,  Windows 10 , 64 bit Build 19041 (10.0.19041.5072)
Time: Sat Nov  2 02:03:11 2024 Hora oficial do Brasil elapsed time: 0.013037 seconds (0d 0h 0m 0s)

---------------  T H R E A D  ---------------

Current thread (0x0000021a8bbfdb60):  JavaThread "Unknown thread" [_thread_in_vm, id=14212, stack(0x0000009493f00000,0x0000009494000000)]

Stack: [0x0000009493f00000,0x0000009494000000]
Native frames: (J=compiled Java code, j=interpreted, Vv=VM code, C=native code)
V  [jvm.dll+0x687bb9]
V  [jvm.dll+0x84142a]
V  [jvm.dll+0x8430ae]
V  [jvm.dll+0x843713]
V  [jvm.dll+0x24a35f]
V  [jvm.dll+0x684989]
V  [jvm.dll+0x67923a]
V  [jvm.dll+0x30af0b]
V  [jvm.dll+0x3123b6]
V  [jvm.dll+0x361dfe]
V  [jvm.dll+0x36202f]
V  [jvm.dll+0x2e0d38]
V  [jvm.dll+0x2e1ca4]
V  [jvm.dll+0x811f21]
V  [jvm.dll+0x36fb68]
V  [jvm.dll+0x7f0896]
V  [jvm.dll+0x3f3d2f]
V  [jvm.dll+0x3f58e1]
C  [jli.dll+0x528f]
C  [ucrtbase.dll+0x21bb2]
C  [KERNEL32.DLL+0x17374]
C  [ntdll.dll+0x4cc91]


---------------  P R O C E S S  ---------------

Threads class SMR info:
_java_thread_list=0x00007ff9ea6aefd8, length=0, elements={
}

Java Threads: ( => current thread )

Other Threads:
  0x0000021a8bc68df0 GCTaskThread "GC Thread#0" [stack: 0x0000009494000000,0x0000009494100000] [id=21204]
  0x0000021a8bc79b00 ConcurrentGCThread "G1 Main Marker" [stack: 0x0000009494100000,0x0000009494200000] [id=20048]
  0x0000021a8bc7acc0 ConcurrentGCThread "G1 Conc#0" [stack: 0x0000009494200000,0x0000009494300000] [id=14924]

[error occurred during error reporting (printing all threads), id 0xc0000005, EXCEPTION_ACCESS_VIOLATION (0xc0000005) at pc=0x00007ff9e9e61907]

VM state: not at safepoint (not fully initialized)

VM Mutex/Monitor currently owned by a thread:  ([mutex/lock_event])
[0x0000021a8bbf93a0] Heap_lock - owner thread: 0x0000021a8bbfdb60

Heap address: 0x0000000702400000, size: 4060 MB, Compressed Oops mode: Zero based, Oop shift amount: 3

CDS archive(s) mapped at: [0x0000000000000000-0x0000000000000000-0x0000000000000000), size 0, SharedBaseAddress: 0x0000000800000000, ArchiveRelocationMode: 1.
Narrow klass base: 0x0000000000000000, Narrow klass shift: 0, Narrow klass range: 0x0

GC Precious Log:
<Empty>

Heap:
 garbage-first heap   total 0K, used 0K [0x0000000702400000, 0x0000000800000000)
  region size 2048K, 0 young (0K), 0 survivors (0K)
 Metaspace       used 0K, committed 0K, reserved 0K
  class space    used 0K, committed 0K, reserved 0K

Heap Regions: E=young(eden), S=young(survivor), O=old, HS=humongous(starts), HC=humongous(continues), CS=collection set, F=free, OA=open archive, CA=closed archive, TAMS=top-at-mark-start (previous, next)

Card table byte_map: [0x0000021aa0d20000,0x0000021aa1510000] _byte_map_base: 0x0000021a9d50e000

Marking Bits (Prev, Next): (CMBitMap*) 0x0000021a8bc69410, (CMBitMap*) 0x0000021a8bc69450
 Prev Bits: [0x0000021aa1d00000, 0x0000021aa5c70000)
 Next Bits: [0x0000021aa5c70000, 0x0000021aa9be0000)

GC Heap History (0 events):
No events

Dll operation events (1 events):
Event: 0.008 Loaded shared library D:\Android\Android Studio\jbr\bin\java.dll

Deoptimization events (0 events):
No events

Classes unloaded (0 events):
No events

Classes redefined (0 events):
No events

Internal exceptions (0 events):
No events

VM Operations (0 events):
No events

Events (0 events):
No events


Dynamic libraries:
0x00007ff605c40000 - 0x00007ff605c4a000 	D:\Android\Android Studio\jbr\bin\java.exe
0x00007ffaca650000 - 0x00007ffaca848000 	C:\WINDOWS\SYSTEM32\ntdll.dll
0x00007ffac89b0000 - 0x00007ffac8a72000 	C:\WINDOWS\System32\KERNEL32.DLL
0x00007ffac8240000 - 0x00007ffac853e000 	C:\WINDOWS\System32\KERNELBASE.dll
0x00007ffac7e90000 - 0x00007ffac7f90000 	C:\WINDOWS\System32\ucrtbase.dll
0x00007ffaaa100000 - 0x00007ffaaa117000 	D:\Android\Android Studio\jbr\bin\jli.dll
0x00007ffab8840000 - 0x00007ffab885b000 	D:\Android\Android Studio\jbr\bin\VCRUNTIME140.dll
0x00007ffac8720000 - 0x00007ffac88bd000 	C:\WINDOWS\System32\USER32.dll
0x00007ffac8210000 - 0x00007ffac8232000 	C:\WINDOWS\System32\win32u.dll
0x00007ffab5f30000 - 0x00007ffab61ca000 	C:\WINDOWS\WinSxS\amd64_microsoft.windows.common-controls_6595b64144ccf1df_6.0.19041.4355_none_60b8b9eb71f62e16\COMCTL32.dll
0x00007ffac8980000 - 0x00007ffac89ab000 	C:\WINDOWS\System32\GDI32.dll
0x00007ffac9d10000 - 0x00007ffac9dae000 	C:\WINDOWS\System32\msvcrt.dll
0x00007ffac7f90000 - 0x00007ffac80a7000 	C:\WINDOWS\System32\gdi32full.dll
0x00007ffac8540000 - 0x00007ffac85dd000 	C:\WINDOWS\System32\msvcp_win.dll
0x00007ffac8670000 - 0x00007ffac869f000 	C:\WINDOWS\System32\IMM32.DLL
0x00007ffac2fc0000 - 0x00007ffac2fcc000 	D:\Android\Android Studio\jbr\bin\vcruntime140_1.dll
0x00007ffaaa280000 - 0x00007ffaaa30d000 	D:\Android\Android Studio\jbr\bin\msvcp140.dll
0x00007ff9e9b70000 - 0x00007ff9ea7f3000 	D:\Android\Android Studio\jbr\bin\server\jvm.dll
0x00007ffac88c0000 - 0x00007ffac8971000 	C:\WINDOWS\System32\ADVAPI32.dll
0x00007ffac9ac0000 - 0x00007ffac9b5f000 	C:\WINDOWS\System32\sechost.dll
0x00007ffaca4e0000 - 0x00007ffaca603000 	C:\WINDOWS\System32\RPCRT4.dll
0x00007ffac7d60000 - 0x00007ffac7d87000 	C:\WINDOWS\System32\bcrypt.dll
0x00007ffab28f0000 - 0x00007ffab28f9000 	C:\WINDOWS\SYSTEM32\WSOCK32.dll
0x00007ffab9f50000 - 0x00007ffab9f77000 	C:\WINDOWS\SYSTEM32\WINMM.dll
0x00007ffac7240000 - 0x00007ffac728b000 	C:\WINDOWS\SYSTEM32\POWRPROF.dll
0x00007ffac0720000 - 0x00007ffac072a000 	C:\WINDOWS\SYSTEM32\VERSION.dll
0x00007ffac9db0000 - 0x00007ffac9e1b000 	C:\WINDOWS\System32\WS2_32.dll
0x00007ffac70b0000 - 0x00007ffac70c2000 	C:\WINDOWS\SYSTEM32\UMPDC.dll
0x00007ffac5b50000 - 0x00007ffac5b62000 	C:\WINDOWS\SYSTEM32\kernel.appcore.dll
0x00007ffab88f0000 - 0x00007ffab88fa000 	D:\Android\Android Studio\jbr\bin\jimage.dll
0x00007ffac1250000 - 0x00007ffac1434000 	C:\WINDOWS\SYSTEM32\DBGHELP.DLL
0x00007ffab6e70000 - 0x00007ffab6ea4000 	C:\WINDOWS\SYSTEM32\dbgcore.DLL
0x00007ffac85e0000 - 0x00007ffac8662000 	C:\WINDOWS\System32\bcryptPrimitives.dll
0x00007ffaae5f0000 - 0x00007ffaae615000 	D:\Android\Android Studio\jbr\bin\java.dll

dbghelp: loaded successfully - version: 4.0.5 - missing functions: none
symbol engine: initialized successfully - sym options: 0x614 - pdb path: .;D:\Android\Android Studio\jbr\bin;C:\WINDOWS\SYSTEM32;C:\WINDOWS\WinSxS\amd64_microsoft.windows.common-controls_6595b64144ccf1df_6.0.19041.4355_none_60b8b9eb71f62e16;D:\Android\Android Studio\jbr\bin\server

VM Arguments:
java_command: org.jetbrains.kotlin.cli.jvm.K2JVMCompiler @C:\Users\Diogo\Documents\GitHub\SrCamelo_Mobile\app\build\20241102_6492278270980185390.compiler.options
java_class_path (initial): C:\Users\Diogo\.gradle\caches\modules-2\files-2.1\org.jetbrains.kotlin\kotlin-compiler-embeddable\1.9.0\2c8c3a7402becca891f12739b3e9fd2dc2adbd7a\kotlin-compiler-embeddable-1.9.0.jar;C:\Users\Diogo\.gradle\caches\modules-2\files-2.1\org.jetbrains.kotlin\kotlin-stdlib\1.9.0\8ee15ef0c67dc83d874f412d84378d7f0eb50b63\kotlin-stdlib-1.9.0.jar;C:\Users\Diogo\.gradle\caches\modules-2\files-2.1\org.jetbrains.kotlin\kotlin-script-runtime\1.9.0\4b3102cbbb7e1b58d9d1adf89563f00069ffa7d1\kotlin-script-runtime-1.9.0.jar;C:\Users\Diogo\.gradle\caches\modules-2\files-2.1\org.jetbrains.kotlin\kotlin-reflect\1.6.10\1cbe9c92c12a94eea200d23c2bbaedaf3daf5132\kotlin-reflect-1.6.10.jar;C:\Users\Diogo\.gradle\caches\modules-2\files-2.1\org.jetbrains.kotlin\kotlin-daemon-embeddable\1.9.0\186543f5e28cf8d9a0290fecc2cf34301c40a65c\kotlin-daemon-embeddable-1.9.0.jar;C:\Users\Diogo\.gradle\caches\modules-2\files-2.1\org.jetbrains.intellij.deps\trove4j\1.0.20200330\3afb14d5f9ceb459d724e907a21145e8ff394f02\trove4j-1.0.20200330.jar;C:\Users\Diogo\.gradle\caches\modules-2\files-2.1\org.jetbrains.kotlin\kotlin-stdlib-common\1.9.0\cd65c21cfd1eec4d44ef09f9f52b6d9f8a720636\kotlin-stdlib-common-1.9.0.jar;C:\Users\Diogo\.gradle\caches\modules-2\files-2.1\org.jetbrains\annotations\13.0\919f0dfe192fb4e063e7dacadee7f8bb9a2672a9\annotations-13.0.jar
Launcher Type: SUN_STANDARD

[Global flags]
     intx CICompilerCount                          = 4                                         {product} {ergonomic}
     uint ConcGCThreads                            = 3                                         {product} {ergonomic}
     uint G1ConcRefinementThreads                  = 10                                        {product} {ergonomic}
   size_t G1HeapRegionSize                         = 2097152                                   {product} {ergonomic}
    uintx GCDrainStackTargetSize                   = 64                                        {product} {ergonomic}
   size_t InitialHeapSize                          = 266338304                                 {product} {ergonomic}
   size_t MarkStackSize                            = 4194304                                   {product} {ergonomic}
   size_t MaxHeapSize                              = 4257218560                                {product} {ergonomic}
   size_t MinHeapDeltaBytes                        = 2097152                                   {product} {ergonomic}
   size_t MinHeapSize                              = 8388608                                   {product} {ergonomic}
    uintx NonNMethodCodeHeapSize                   = 5839372                                {pd product} {ergonomic}
    uintx NonProfiledCodeHeapSize                  = 122909434                              {pd product} {ergonomic}
    uintx ProfiledCodeHeapSize                     = 122909434                              {pd product} {ergonomic}
    uintx ReservedCodeCacheSize                    = 251658240                              {pd product} {ergonomic}
     bool SegmentedCodeCache                       = true                                      {product} {ergonomic}
   size_t SoftMaxHeapSize                          = 4257218560                             {manageable} {ergonomic}
     bool UseCompressedClassPointers               = true                           {product lp64_product} {ergonomic}
     bool UseCompressedOops                        = true                           {product lp64_product} {ergonomic}
     bool UseG1GC                                  = true                                      {product} {ergonomic}
     bool UseLargePagesIndividualAllocation        = false                                  {pd product} {ergonomic}

Logging:
Log output configuration:
 #0: stdout all=warning uptime,level,tags
 #1: stderr all=off uptime,level,tags

Environment Variables:
PATH=C:\WINDOWS\system32;C:\WINDOWS;C:\WINDOWS\System32\Wbem;C:\WINDOWS\System32\WindowsPowerShell\v1.0\;C:\WINDOWS\System32\OpenSSH\;C:\Program Files\Git\cmd;C:\Program Files\nodejs\;C:\Program Files\Amazon\AWSCLIV2\;C:\Program Files\Docker\Docker\resources\bin;C:\Users\Diogo\AppData\Local\Programs\Python\Python310\Scripts\;C:\Users\Diogo\AppData\Local\Programs\Python\Python310\;C:\Users\Diogo\AppData\Local\Programs\Python\Python312\Scripts\;C:\Users\Diogo\AppData\Local\Programs\Python\Python312\;C:\Users\Diogo\AppData\Local\Microsoft\WindowsApps;C:\Users\Diogo\AppData\Local\Programs\Microsoft VS Code\bin;C:\Users\Diogo\AppData\Local\GitHubDesktop\bin;C:\Users\Diogo\AppData\Roaming\npm
USERNAME=Diogo
OS=Windows_NT
PROCESSOR_IDENTIFIER=AMD64 Family 23 Model 96 Stepping 1, AuthenticAMD
TMP=C:\Users\Diogo\AppData\Local\Temp
TEMP=C:\Users\Diogo\AppData\Local\Temp



Periodic native trim disabled

JNI global refs:
JNI global refs: 0, weak refs: 0

JNI global refs memory usage: 0, weak refs: 0

Process memory usage:
Resident Set Size: 10996K (0% of 16622056K total physical memory with 2989764K free physical memory)

OOME stack traces (most recent first):
Classloader memory used:


---------------  S Y S T E M  ---------------

OS:
 Windows 10 , 64 bit Build 19041 (10.0.19041.5072)
OS uptime: 0 days 13:16 hours
Hyper-V role detected

CPU: total 12 (initial active 12) (12 cores per cpu, 2 threads per core) family 23 model 96 stepping 1 microcode 0x0, cx8, cmov, fxsr, ht, mmx, 3dnowpref, sse, sse2, sse3, ssse3, sse4a, sse4.1, sse4.2, popcnt, lzcnt, tsc, tscinvbit, avx, avx2, aes, clmul, bmi1, bmi2, adx, sha, fma, vzeroupper, clflush, clflushopt, hv
Processor Information for all 12 processors :
  Max Mhz: 3701, Current Mhz: 3701, Mhz Limit: 3701

Memory: 4k page, system-wide physical 16232M (2915M free)
TotalPageFile size 46041M (AvailPageFile size 84M)
current process WorkingSet (physical memory assigned to process): 10M, peak: 10M
current process commit charge ("private bytes"): 64M, peak: 318M

vm_info: OpenJDK 64-Bit Server VM (17.0.11+0--11852314) for windows-amd64 JRE (17.0.11+0--11852314), built on May 16 2024 21:29:20 by "androidbuild" with MS VC++ 16.10 / 16.11 (VS2019)

END.
