#
# There is insufficient memory for the Java Runtime Environment to continue.
# Native memory allocation (malloc) failed to allocate 718496 bytes. Error detail: Chunk::new
# Possible reasons:
#   The system is out of physical RAM or swap space
#   This process is running with CompressedOops enabled, and the Java Heap may be blocking the growth of the native heap
# Possible solutions:
#   Reduce memory load on the system
#   Increase physical memory or swap space
#   Check if swap backing store is full
#   Decrease Java heap size (-Xmx/-Xms)
#   Decrease number of Java threads
#   Decrease Java thread stack sizes (-Xss)
#   Set larger code cache with -XX:ReservedCodeCacheSize=
#   JVM is running with Unscaled Compressed Oops mode in which the Java heap is
#     placed in the first 4GB address space. The Java Heap base address is the
#     maximum limit for the native heap growth. Please use -XX:HeapBaseMinAddress
#     to set the Java Heap base and to place the Java Heap above 4GB virtual address.
# This output file may be truncated or incomplete.
#
#  Out of Memory Error (arena.cpp:191), pid=20176, tid=22868
#
# JRE version: OpenJDK Runtime Environment (17.0.11) (build 17.0.11+0--11852314)
# Java VM: OpenJDK 64-Bit Server VM (17.0.11+0--11852314, mixed mode, tiered, compressed oops, compressed class ptrs, g1 gc, windows-amd64)
# No core dump will be written. Minidumps are not enabled by default on client versions of Windows
#

---------------  S U M M A R Y ------------

Command Line: --add-opens=java.base/java.util=ALL-UNNAMED --add-opens=java.base/java.lang=ALL-UNNAMED --add-opens=java.base/java.lang.invoke=ALL-UNNAMED --add-opens=java.prefs/java.util.prefs=ALL-UNNAMED --add-opens=java.base/java.nio.charset=ALL-UNNAMED --add-opens=java.base/java.net=ALL-UNNAMED --add-opens=java.base/java.util.concurrent.atomic=ALL-UNNAMED -Xmx2048m -Dfile.encoding=UTF-8 -Duser.country=BR -Duser.language=pt -Duser.variant -javaagent:C:\Users\Diogo\.gradle\wrapper\dists\gradle-8.7-bin\bhs2wmbdwecv87pi65oeuq5iu\gradle-8.7\lib\agents\gradle-instrumentation-agent-8.7.jar org.gradle.launcher.daemon.bootstrap.GradleDaemon 8.7

Host: AMD Ryzen 5 4600G with Radeon Graphics, 12 cores, 15G,  Windows 10 , 64 bit Build 19041 (10.0.19041.5072)
Time: Sat Nov  2 02:01:14 2024 Hora oficial do Brasil elapsed time: 2.397927 seconds (0d 0h 0m 2s)

---------------  T H R E A D  ---------------

Current thread (0x000002116175eca0):  JavaThread "C2 CompilerThread0" daemon [_thread_in_native, id=22868, stack(0x000000d6bf200000,0x000000d6bf300000)]


Current CompileTask:
C2:   2398 2048       4       jdk.internal.org.objectweb.asm.Frame::execute (2305 bytes)

Stack: [0x000000d6bf200000,0x000000d6bf300000]
Native frames: (J=compiled Java code, j=interpreted, Vv=VM code, C=native code)
V  [jvm.dll+0x687bb9]
V  [jvm.dll+0x84142a]
V  [jvm.dll+0x8430ae]
V  [jvm.dll+0x843713]
V  [jvm.dll+0x24a35f]
V  [jvm.dll+0xac544]
V  [jvm.dll+0xacb8c]
V  [jvm.dll+0x2b194f]
V  [jvm.dll+0x58eba7]
V  [jvm.dll+0x2247e2]
V  [jvm.dll+0x21d6dd]
V  [jvm.dll+0x21b201]
V  [jvm.dll+0x1a63ed]
V  [jvm.dll+0x22b1ee]
V  [jvm.dll+0x229375]
V  [jvm.dll+0x7f5647]
V  [jvm.dll+0x7efa4a]
V  [jvm.dll+0x686a35]
C  [ucrtbase.dll+0x21bb2]
C  [KERNEL32.DLL+0x17374]
C  [ntdll.dll+0x4cc91]


---------------  P R O C E S S  ---------------

Threads class SMR info:
_java_thread_list=0x0000021167f89a00, length=22, elements={
0x00000211472cbe20, 0x0000021161598140, 0x0000021161734680, 0x0000021161759010,
0x000002116175aef0, 0x000002116175d7d0, 0x000002116175e0a0, 0x000002116175eca0,
0x000002116175f660, 0x0000021161765480, 0x00000211619086d0, 0x00000211619be170,
0x0000021167660470, 0x0000021166c97090, 0x00000211675da1d0, 0x00000211691c9740,
0x0000021166dccde0, 0x0000021167d03340, 0x000002116891d770, 0x0000021167bc9810,
0x0000021167bc7ec0, 0x0000021167bc6060
}

Java Threads: ( => current thread )
  0x00000211472cbe20 JavaThread "main" [_thread_blocked, id=26180, stack(0x000000d6be500000,0x000000d6be600000)]
  0x0000021161598140 JavaThread "Reference Handler" daemon [_thread_blocked, id=15504, stack(0x000000d6bec00000,0x000000d6bed00000)]
  0x0000021161734680 JavaThread "Finalizer" daemon [_thread_blocked, id=21528, stack(0x000000d6bed00000,0x000000d6bee00000)]
  0x0000021161759010 JavaThread "Signal Dispatcher" daemon [_thread_blocked, id=16548, stack(0x000000d6bee00000,0x000000d6bef00000)]
  0x000002116175aef0 JavaThread "Attach Listener" daemon [_thread_blocked, id=25668, stack(0x000000d6bef00000,0x000000d6bf000000)]
  0x000002116175d7d0 JavaThread "Service Thread" daemon [_thread_blocked, id=23084, stack(0x000000d6bf000000,0x000000d6bf100000)]
  0x000002116175e0a0 JavaThread "Monitor Deflation Thread" daemon [_thread_blocked, id=3732, stack(0x000000d6bf100000,0x000000d6bf200000)]
=>0x000002116175eca0 JavaThread "C2 CompilerThread0" daemon [_thread_in_native, id=22868, stack(0x000000d6bf200000,0x000000d6bf300000)]
  0x000002116175f660 JavaThread "C1 CompilerThread0" daemon [_thread_in_native, id=23092, stack(0x000000d6bf300000,0x000000d6bf400000)]
  0x0000021161765480 JavaThread "Sweeper thread" daemon [_thread_blocked, id=5764, stack(0x000000d6bf400000,0x000000d6bf500000)]
  0x00000211619086d0 JavaThread "Common-Cleaner" daemon [_thread_blocked, id=10076, stack(0x000000d6bf500000,0x000000d6bf600000)]
  0x00000211619be170 JavaThread "Notification Thread" daemon [_thread_blocked, id=3544, stack(0x000000d6bf600000,0x000000d6bf700000)]
  0x0000021167660470 JavaThread "Daemon health stats" [_thread_blocked, id=10100, stack(0x000000d6bff00000,0x000000d6c0000000)]
  0x0000021166c97090 JavaThread "Incoming local TCP Connector on port 55205" [_thread_in_native, id=12956, stack(0x000000d6c0000000,0x000000d6c0100000)]
  0x00000211675da1d0 JavaThread "Daemon periodic checks" [_thread_blocked, id=4368, stack(0x000000d6c0100000,0x000000d6c0200000)]
  0x00000211691c9740 JavaThread "Daemon" [_thread_blocked, id=12200, stack(0x000000d6c0200000,0x000000d6c0300000)]
  0x0000021166dccde0 JavaThread "Handler for socket connection from /127.0.0.1:55205 to /127.0.0.1:55208" [_thread_in_native, id=11272, stack(0x000000d6c0300000,0x000000d6c0400000)]
  0x0000021167d03340 JavaThread "Cancel handler" [_thread_blocked, id=11048, stack(0x000000d6c0400000,0x000000d6c0500000)]
  0x000002116891d770 JavaThread "Daemon worker" [_thread_in_native, id=12912, stack(0x000000d6c0500000,0x000000d6c0600000)]
  0x0000021167bc9810 JavaThread "Asynchronous log dispatcher for DefaultDaemonConnection: socket connection from /127.0.0.1:55205 to /127.0.0.1:55208" [_thread_blocked, id=5200, stack(0x000000d6c0600000,0x000000d6c0700000)]
  0x0000021167bc7ec0 JavaThread "Stdin handler" [_thread_blocked, id=17576, stack(0x000000d6c0700000,0x000000d6c0800000)]
  0x0000021167bc6060 JavaThread "Daemon client event forwarder" [_thread_blocked, id=23908, stack(0x000000d6c0800000,0x000000d6c0900000)]

Other Threads:
  0x0000021161597630 VMThread "VM Thread" [stack: 0x000000d6beb00000,0x000000d6bec00000] [id=9264]
  0x0000021161a23f20 WatcherThread [stack: 0x000000d6bf700000,0x000000d6bf800000] [id=20032]
  0x00000211473295d0 GCTaskThread "GC Thread#0" [stack: 0x000000d6be600000,0x000000d6be700000] [id=25724]
  0x00000211617503a0 GCTaskThread "GC Thread#1" [stack: 0x000000d6bf900000,0x000000d6bfa00000] [id=22740]
  0x0000021161750920 GCTaskThread "GC Thread#2" [stack: 0x000000d6bfa00000,0x000000d6bfb00000] [id=11568]
  0x000002116174f5e0 GCTaskThread "GC Thread#3" [stack: 0x000000d6bfb00000,0x000000d6bfc00000] [id=25412]
  0x0000021161750be0 GCTaskThread "GC Thread#4" [stack: 0x000000d6bfc00000,0x000000d6bfd00000] [id=22432]
  0x000002116174f060 GCTaskThread "GC Thread#5" [stack: 0x000000d6bfd00000,0x000000d6bfe00000] [id=15480]
  0x000002116174fe20 GCTaskThread "GC Thread#6" [stack: 0x000000d6bf800000,0x000000d6bf900000] [id=11000]
  0x00000211688a0030 GCTaskThread "GC Thread#7" [stack: 0x000000d6bfe00000,0x000000d6bff00000] [id=18212]
  0x000002116889f270 GCTaskThread "GC Thread#8" [stack: 0x000000d6c0900000,0x000000d6c0a00000] [id=14812]
  0x000002116889dc70 GCTaskThread "GC Thread#9" [stack: 0x000000d6c0a00000,0x000000d6c0b00000] [id=14268]
  0x000002114733b440 ConcurrentGCThread "G1 Main Marker" [stack: 0x000000d6be700000,0x000000d6be800000] [id=14808]
  0x000002114733c510 ConcurrentGCThread "G1 Conc#0" [stack: 0x000000d6be800000,0x000000d6be900000] [id=19328]
  0x000002116889df30 ConcurrentGCThread "G1 Conc#1" [stack: 0x000000d6c0b00000,0x000000d6c0c00000] [id=2644]
  0x00000211688a0870 ConcurrentGCThread "G1 Conc#2" [stack: 0x000000d6c0c00000,0x000000d6c0d00000] [id=19460]
  0x000002114738e0a0 ConcurrentGCThread "G1 Refine#0" [stack: 0x000000d6be900000,0x000000d6bea00000] [id=9884]
  0x000002114738e9e0 ConcurrentGCThread "G1 Service" [stack: 0x000000d6bea00000,0x000000d6beb00000] [id=20296]

Threads with active compile tasks:
C2 CompilerThread0     2418 2048       4       jdk.internal.org.objectweb.asm.Frame::execute (2305 bytes)

VM state: not at safepoint (normal execution)

VM Mutex/Monitor currently owned by a thread: None

Heap address: 0x0000000080000000, size: 2048 MB, Compressed Oops mode: 32-bit

CDS archive(s) not mapped
Compressed class space mapped at: 0x0000000100000000-0x0000000140000000, reserved size: 1073741824
Narrow klass base: 0x0000000000000000, Narrow klass shift: 3, Narrow klass range: 0x140000000

GC Precious Log:
 CPUs: 12 total, 12 available
 Memory: 16232M
 Large Page Support: Disabled
 NUMA Support: Disabled
 Compressed Oops: Enabled (32-bit)
 Heap Region Size: 1M
 Heap Min Capacity: 8M
 Heap Initial Capacity: 254M
 Heap Max Capacity: 2G
 Pre-touch: Disabled
 Parallel Workers: 10
 Concurrent Workers: 3
 Concurrent Refinement Workers: 10
 Periodic GC: Disabled

Heap:
 garbage-first heap   total 71680K, used 27240K [0x0000000080000000, 0x0000000100000000)
  region size 1024K, 18 young (18432K), 9 survivors (9216K)
 Metaspace       used 22528K, committed 22848K, reserved 1114112K
  class space    used 2732K, committed 2880K, reserved 1048576K

Heap Regions: E=young(eden), S=young(survivor), O=old, HS=humongous(starts), HC=humongous(continues), CS=collection set, F=free, OA=open archive, CA=closed archive, TAMS=top-at-mark-start (previous, next)
|   0|0x0000000080000000, 0x0000000080100000, 0x0000000080100000|100%|HS|  |TAMS 0x0000000080100000, 0x0000000080000000| Complete 
|   1|0x0000000080100000, 0x0000000080200000, 0x0000000080200000|100%|HC|  |TAMS 0x0000000080200000, 0x0000000080100000| Complete 
|   2|0x0000000080200000, 0x0000000080300000, 0x0000000080300000|100%|HC|  |TAMS 0x0000000080300000, 0x0000000080200000| Complete 
|   3|0x0000000080300000, 0x0000000080400000, 0x0000000080400000|100%|HC|  |TAMS 0x0000000080400000, 0x0000000080300000| Complete 
|   4|0x0000000080400000, 0x0000000080500000, 0x0000000080500000|100%| O|  |TAMS 0x0000000080500000, 0x0000000080400000| Untracked 
|   5|0x0000000080500000, 0x0000000080600000, 0x0000000080600000|100%| O|  |TAMS 0x0000000080600000, 0x0000000080500000| Untracked 
|   6|0x0000000080600000, 0x0000000080700000, 0x0000000080700000|100%| O|  |TAMS 0x0000000080700000, 0x0000000080600000| Untracked 
|   7|0x0000000080700000, 0x0000000080800000, 0x0000000080800000|100%| O|  |TAMS 0x0000000080800000, 0x0000000080700000| Untracked 
|   8|0x0000000080800000, 0x0000000080900000, 0x0000000080900000|100%| O|  |TAMS 0x0000000080900000, 0x0000000080800000| Untracked 
|   9|0x0000000080900000, 0x0000000080a00000, 0x0000000080a00000|100%| O|  |TAMS 0x0000000080a00000, 0x0000000080900000| Untracked 
|  10|0x0000000080a00000, 0x0000000080a22e00, 0x0000000080b00000| 13%| O|  |TAMS 0x0000000080a22e00, 0x0000000080a00000| Untracked 
|  11|0x0000000080b00000, 0x0000000080b00000, 0x0000000080c00000|  0%| F|  |TAMS 0x0000000080b00000, 0x0000000080b00000| Untracked 
|  12|0x0000000080c00000, 0x0000000080c00000, 0x0000000080d00000|  0%| F|  |TAMS 0x0000000080c00000, 0x0000000080c00000| Untracked 
|  13|0x0000000080d00000, 0x0000000080d00000, 0x0000000080e00000|  0%| F|  |TAMS 0x0000000080d00000, 0x0000000080d00000| Untracked 
|  14|0x0000000080e00000, 0x0000000080e00000, 0x0000000080f00000|  0%| F|  |TAMS 0x0000000080e00000, 0x0000000080e00000| Untracked 
|  15|0x0000000080f00000, 0x0000000080f00000, 0x0000000081000000|  0%| F|  |TAMS 0x0000000080f00000, 0x0000000080f00000| Untracked 
|  16|0x0000000081000000, 0x0000000081000000, 0x0000000081100000|  0%| F|  |TAMS 0x0000000081000000, 0x0000000081000000| Untracked 
|  17|0x0000000081100000, 0x0000000081100000, 0x0000000081200000|  0%| F|  |TAMS 0x0000000081100000, 0x0000000081100000| Untracked 
|  18|0x0000000081200000, 0x0000000081200000, 0x0000000081300000|  0%| F|  |TAMS 0x0000000081200000, 0x0000000081200000| Untracked 
|  19|0x0000000081300000, 0x0000000081300000, 0x0000000081400000|  0%| F|  |TAMS 0x0000000081300000, 0x0000000081300000| Untracked 
|  20|0x0000000081400000, 0x0000000081400000, 0x0000000081500000|  0%| F|  |TAMS 0x0000000081400000, 0x0000000081400000| Untracked 
|  21|0x0000000081500000, 0x0000000081500000, 0x0000000081600000|  0%| F|  |TAMS 0x0000000081500000, 0x0000000081500000| Untracked 
|  22|0x0000000081600000, 0x0000000081600000, 0x0000000081700000|  0%| F|  |TAMS 0x0000000081600000, 0x0000000081600000| Untracked 
|  23|0x0000000081700000, 0x0000000081700000, 0x0000000081800000|  0%| F|  |TAMS 0x0000000081700000, 0x0000000081700000| Untracked 
|  24|0x0000000081800000, 0x0000000081800000, 0x0000000081900000|  0%| F|  |TAMS 0x0000000081800000, 0x0000000081800000| Untracked 
|  25|0x0000000081900000, 0x0000000081900000, 0x0000000081a00000|  0%| F|  |TAMS 0x0000000081900000, 0x0000000081900000| Untracked 
|  26|0x0000000081a00000, 0x0000000081a00000, 0x0000000081b00000|  0%| F|  |TAMS 0x0000000081a00000, 0x0000000081a00000| Untracked 
|  27|0x0000000081b00000, 0x0000000081b00000, 0x0000000081c00000|  0%| F|  |TAMS 0x0000000081b00000, 0x0000000081b00000| Untracked 
|  28|0x0000000081c00000, 0x0000000081c00000, 0x0000000081d00000|  0%| F|  |TAMS 0x0000000081c00000, 0x0000000081c00000| Untracked 
|  29|0x0000000081d00000, 0x0000000081d00000, 0x0000000081e00000|  0%| F|  |TAMS 0x0000000081d00000, 0x0000000081d00000| Untracked 
|  30|0x0000000081e00000, 0x0000000081e00000, 0x0000000081f00000|  0%| F|  |TAMS 0x0000000081e00000, 0x0000000081e00000| Untracked 
|  31|0x0000000081f00000, 0x0000000081f00000, 0x0000000082000000|  0%| F|  |TAMS 0x0000000081f00000, 0x0000000081f00000| Untracked 
|  32|0x0000000082000000, 0x0000000082000000, 0x0000000082100000|  0%| F|  |TAMS 0x0000000082000000, 0x0000000082000000| Untracked 
|  33|0x0000000082100000, 0x0000000082100000, 0x0000000082200000|  0%| F|  |TAMS 0x0000000082100000, 0x0000000082100000| Untracked 
|  34|0x0000000082200000, 0x0000000082200000, 0x0000000082300000|  0%| F|  |TAMS 0x0000000082200000, 0x0000000082200000| Untracked 
|  35|0x0000000082300000, 0x0000000082300000, 0x0000000082400000|  0%| F|  |TAMS 0x0000000082300000, 0x0000000082300000| Untracked 
|  36|0x0000000082400000, 0x0000000082400000, 0x0000000082500000|  0%| F|  |TAMS 0x0000000082400000, 0x0000000082400000| Untracked 
|  37|0x0000000082500000, 0x0000000082500000, 0x0000000082600000|  0%| F|  |TAMS 0x0000000082500000, 0x0000000082500000| Untracked 
|  38|0x0000000082600000, 0x0000000082600000, 0x0000000082700000|  0%| F|  |TAMS 0x0000000082600000, 0x0000000082600000| Untracked 
|  39|0x0000000082700000, 0x0000000082700000, 0x0000000082800000|  0%| F|  |TAMS 0x0000000082700000, 0x0000000082700000| Untracked 
|  40|0x0000000082800000, 0x0000000082800000, 0x0000000082900000|  0%| F|  |TAMS 0x0000000082800000, 0x0000000082800000| Untracked 
|  41|0x0000000082900000, 0x0000000082900000, 0x0000000082a00000|  0%| F|  |TAMS 0x0000000082900000, 0x0000000082900000| Untracked 
|  42|0x0000000082a00000, 0x0000000082a00000, 0x0000000082b00000|  0%| F|  |TAMS 0x0000000082a00000, 0x0000000082a00000| Untracked 
|  43|0x0000000082b00000, 0x0000000082b00000, 0x0000000082c00000|  0%| F|  |TAMS 0x0000000082b00000, 0x0000000082b00000| Untracked 
|  44|0x0000000082c00000, 0x0000000082c00000, 0x0000000082d00000|  0%| F|  |TAMS 0x0000000082c00000, 0x0000000082c00000| Untracked 
|  45|0x0000000082d00000, 0x0000000082d00000, 0x0000000082e00000|  0%| F|  |TAMS 0x0000000082d00000, 0x0000000082d00000| Untracked 
|  46|0x0000000082e00000, 0x0000000082e00000, 0x0000000082f00000|  0%| F|  |TAMS 0x0000000082e00000, 0x0000000082e00000| Untracked 
|  47|0x0000000082f00000, 0x0000000082f00000, 0x0000000083000000|  0%| F|  |TAMS 0x0000000082f00000, 0x0000000082f00000| Untracked 
|  48|0x0000000083000000, 0x0000000083000000, 0x0000000083100000|  0%| F|  |TAMS 0x0000000083000000, 0x0000000083000000| Untracked 
|  49|0x0000000083100000, 0x0000000083100000, 0x0000000083200000|  0%| F|  |TAMS 0x0000000083100000, 0x0000000083100000| Untracked 
|  50|0x0000000083200000, 0x0000000083200000, 0x0000000083300000|  0%| F|  |TAMS 0x0000000083200000, 0x0000000083200000| Untracked 
|  51|0x0000000083300000, 0x0000000083300000, 0x0000000083400000|  0%| F|  |TAMS 0x0000000083300000, 0x0000000083300000| Untracked 
|  52|0x0000000083400000, 0x0000000083480800, 0x0000000083500000| 50%| E|  |TAMS 0x0000000083400000, 0x0000000083400000| Complete 
|  53|0x0000000083500000, 0x0000000083600000, 0x0000000083600000|100%| E|CS|TAMS 0x0000000083500000, 0x0000000083500000| Complete 
|  54|0x0000000083600000, 0x0000000083700000, 0x0000000083700000|100%| E|CS|TAMS 0x0000000083600000, 0x0000000083600000| Complete 
|  55|0x0000000083700000, 0x0000000083800000, 0x0000000083800000|100%| E|CS|TAMS 0x0000000083700000, 0x0000000083700000| Complete 
|  56|0x0000000083800000, 0x0000000083900000, 0x0000000083900000|100%| E|CS|TAMS 0x0000000083800000, 0x0000000083800000| Complete 
|  57|0x0000000083900000, 0x0000000083a00000, 0x0000000083a00000|100%| E|CS|TAMS 0x0000000083900000, 0x0000000083900000| Complete 
|  58|0x0000000083a00000, 0x0000000083b00000, 0x0000000083b00000|100%| E|CS|TAMS 0x0000000083a00000, 0x0000000083a00000| Complete 
|  59|0x0000000083b00000, 0x0000000083c00000, 0x0000000083c00000|100%| E|CS|TAMS 0x0000000083b00000, 0x0000000083b00000| Complete 
| 196|0x000000008c400000, 0x000000008c477450, 0x000000008c500000| 46%| S|CS|TAMS 0x000000008c400000, 0x000000008c400000| Complete 
| 197|0x000000008c500000, 0x000000008c600000, 0x000000008c600000|100%| S|CS|TAMS 0x000000008c500000, 0x000000008c500000| Complete 
| 198|0x000000008c600000, 0x000000008c700000, 0x000000008c700000|100%| S|CS|TAMS 0x000000008c600000, 0x000000008c600000| Complete 
| 199|0x000000008c700000, 0x000000008c800000, 0x000000008c800000|100%| S|CS|TAMS 0x000000008c700000, 0x000000008c700000| Complete 
| 200|0x000000008c800000, 0x000000008c900000, 0x000000008c900000|100%| S|CS|TAMS 0x000000008c800000, 0x000000008c800000| Complete 
| 201|0x000000008c900000, 0x000000008ca00000, 0x000000008ca00000|100%| S|CS|TAMS 0x000000008c900000, 0x000000008c900000| Complete 
| 202|0x000000008ca00000, 0x000000008cb00000, 0x000000008cb00000|100%| S|CS|TAMS 0x000000008ca00000, 0x000000008ca00000| Complete 
| 203|0x000000008cb00000, 0x000000008cc00000, 0x000000008cc00000|100%| S|CS|TAMS 0x000000008cb00000, 0x000000008cb00000| Complete 
| 204|0x000000008cc00000, 0x000000008cd00000, 0x000000008cd00000|100%| S|CS|TAMS 0x000000008cc00000, 0x000000008cc00000| Complete 
| 253|0x000000008fd00000, 0x000000008fe00000, 0x000000008fe00000|100%| E|CS|TAMS 0x000000008fd00000, 0x000000008fd00000| Complete 

Card table byte_map: [0x000002115a110000,0x000002115a510000] _byte_map_base: 0x0000021159d10000

Marking Bits (Prev, Next): (CMBitMap*) 0x000002114732ab50, (CMBitMap*) 0x000002114732ab10
 Prev Bits: [0x000002115c910000, 0x000002115e910000)
 Next Bits: [0x000002115a910000, 0x000002115c910000)

Polling page: 0x0000021145220000

Metaspace:

Usage:
  Non-class:     19.34 MB used.
      Class:      2.67 MB used.
       Both:     22.01 MB used.

Virtual space:
  Non-class space:       64.00 MB reserved,      19.50 MB ( 30%) committed,  1 nodes.
      Class space:        1.00 GB reserved,       2.81 MB ( <1%) committed,  1 nodes.
             Both:        1.06 GB reserved,      22.31 MB (  2%) committed. 

Chunk freelists:
   Non-Class:  12.14 MB
       Class:  13.05 MB
        Both:  25.19 MB

MaxMetaspaceSize: unlimited
CompressedClassSpaceSize: 1.00 GB
Initial GC threshold: 21.00 MB
Current GC threshold: 35.12 MB
CDS: off
MetaspaceReclaimPolicy: balanced
 - commit_granule_bytes: 65536.
 - commit_granule_words: 8192.
 - virtual_space_node_default_size: 8388608.
 - enlarge_chunks_in_place: 1.
 - new_chunks_are_fully_committed: 0.
 - uncommit_free_chunks: 1.
 - use_allocation_guard: 0.
 - handle_deallocations: 1.


Internal statistics:

num_allocs_failed_limit: 3.
num_arena_births: 182.
num_arena_deaths: 0.
num_vsnodes_births: 2.
num_vsnodes_deaths: 0.
num_space_committed: 357.
num_space_uncommitted: 0.
num_chunks_returned_to_freelist: 3.
num_chunks_taken_from_freelist: 589.
num_chunk_merges: 3.
num_chunk_splits: 395.
num_chunks_enlarged: 300.
num_inconsistent_stats: 0.

CodeHeap 'non-profiled nmethods': size=120000Kb used=1114Kb max_used=1114Kb free=118885Kb
 bounds [0x0000021152280000, 0x00000211524f0000, 0x00000211597b0000]
CodeHeap 'profiled nmethods': size=120000Kb used=4194Kb max_used=4194Kb free=115805Kb
 bounds [0x000002114a7b0000, 0x000002114abd0000, 0x0000021151ce0000]
CodeHeap 'non-nmethods': size=5760Kb used=1211Kb max_used=1225Kb free=4548Kb
 bounds [0x0000021151ce0000, 0x0000021151f50000, 0x0000021152280000]
 total_blobs=2610 nmethods=2091 adapters=432
 compilation: enabled
              stopped_count=0, restarted_count=0
 full_count=0

Compilation events (20 events):
Event: 2.379 Thread 0x000002116175f660 2063       3       java.lang.invoke.InvokerBytecodeGenerator::emitReferenceCast (188 bytes)
Event: 2.379 Thread 0x000002116175f660 nmethod 2063 0x000002114abba090 code [0x000002114abba340, 0x000002114abbaf88]
Event: 2.379 Thread 0x000002116175f660 2060       3       java.lang.invoke.MemberName::isField (8 bytes)
Event: 2.380 Thread 0x000002116175f660 nmethod 2060 0x000002114abbb310 code [0x000002114abbb4c0, 0x000002114abbb6f8]
Event: 2.380 Thread 0x000002116175f660 2067       3       java.lang.invoke.InvokerBytecodeGenerator::emitStoreResult (27 bytes)
Event: 2.380 Thread 0x000002116175f660 nmethod 2067 0x000002114abbb810 code [0x000002114abbb9c0, 0x000002114abbbba8]
Event: 2.380 Thread 0x000002116175f660 2068       3       java.lang.invoke.LambdaForm$NamedFunction::intrinsicName (21 bytes)
Event: 2.380 Thread 0x000002116175f660 nmethod 2068 0x000002114abbbc90 code [0x000002114abbbe40, 0x000002114abbc088]
Event: 2.380 Thread 0x000002116175f660 2070       1       org.gradle.internal.service.DefaultServiceRegistry$SingletonService::getServiceType (5 bytes)
Event: 2.380 Thread 0x000002116175f660 nmethod 2070 0x0000021152395d90 code [0x0000021152395f20, 0x0000021152395ff8]
Event: 2.382 Thread 0x000002116175f660 2071       3       java.nio.ByteBuffer::limit (6 bytes)
Event: 2.382 Thread 0x000002116175f660 nmethod 2071 0x000002114abbc190 code [0x000002114abbc340, 0x000002114abbc508]
Event: 2.383 Thread 0x000002116175f660 2072       3       java.lang.reflect.Constructor::newInstance (34 bytes)
Event: 2.383 Thread 0x000002116175f660 nmethod 2072 0x000002114abbc590 code [0x000002114abbc740, 0x000002114abbc978]
Event: 2.385 Thread 0x000002116175f660 2073       3       java.lang.Class::getInterfaces (6 bytes)
Event: 2.385 Thread 0x000002116175f660 nmethod 2073 0x000002114abbca90 code [0x000002114abbcc20, 0x000002114abbcd68]
Event: 2.385 Thread 0x000002116175f660 2074       3       jdk.internal.org.objectweb.asm.MethodWriter::computeAllFrames (510 bytes)
Event: 2.386 Thread 0x000002116175f660 nmethod 2074 0x000002114abbce10 code [0x000002114abbd160, 0x000002114abbe5c8]
Event: 2.386 Thread 0x000002116175f660 2075       3       java.lang.PublicMethods$MethodList::<init> (10 bytes)
Event: 2.386 Thread 0x000002116175f660 nmethod 2075 0x000002114abbf090 code [0x000002114abbf220, 0x000002114abbf3d8]

GC Heap History (6 events):
Event: 0.687 GC heap before
{Heap before GC invocations=0 (full 0):
 garbage-first heap   total 260096K, used 26624K [0x0000000080000000, 0x0000000100000000)
  region size 1024K, 23 young (23552K), 0 survivors (0K)
 Metaspace       used 10460K, committed 10624K, reserved 1114112K
  class space    used 1082K, committed 1152K, reserved 1048576K
}
Event: 0.690 GC heap after
{Heap after GC invocations=1 (full 0):
 garbage-first heap   total 260096K, used 10548K [0x0000000080000000, 0x0000000100000000)
  region size 1024K, 3 young (3072K), 3 survivors (3072K)
 Metaspace       used 10460K, committed 10624K, reserved 1114112K
  class space    used 1082K, committed 1152K, reserved 1048576K
}
Event: 1.152 GC heap before
{Heap before GC invocations=1 (full 0):
 garbage-first heap   total 260096K, used 39220K [0x0000000080000000, 0x0000000100000000)
  region size 1024K, 31 young (31744K), 3 survivors (3072K)
 Metaspace       used 11468K, committed 11648K, reserved 1114112K
  class space    used 1198K, committed 1280K, reserved 1048576K
}
Event: 1.155 GC heap after
{Heap after GC invocations=2 (full 0):
 garbage-first heap   total 260096K, used 11237K [0x0000000080000000, 0x0000000100000000)
  region size 1024K, 1 young (1024K), 1 survivors (1024K)
 Metaspace       used 11468K, committed 11648K, reserved 1114112K
  class space    used 1198K, committed 1280K, reserved 1048576K
}
Event: 2.273 GC heap before
{Heap before GC invocations=2 (full 0):
 garbage-first heap   total 260096K, used 60389K [0x0000000080000000, 0x0000000100000000)
  region size 1024K, 49 young (50176K), 1 survivors (1024K)
 Metaspace       used 21291K, committed 21504K, reserved 1114112K
  class space    used 2501K, committed 2624K, reserved 1048576K
}
Event: 2.278 GC heap after
{Heap after GC invocations=3 (full 0):
 garbage-first heap   total 260096K, used 19048K [0x0000000080000000, 0x0000000100000000)
  region size 1024K, 9 young (9216K), 9 survivors (9216K)
 Metaspace       used 21291K, committed 21504K, reserved 1114112K
  class space    used 2501K, committed 2624K, reserved 1048576K
}

Dll operation events (3 events):
Event: 0.007 Loaded shared library D:\Android\Android Studio\jbr\bin\java.dll
Event: 0.118 Loaded shared library D:\Android\Android Studio\jbr\bin\zip.dll
Event: 0.420 Loaded shared library D:\Android\Android Studio\jbr\bin\verify.dll

Deoptimization events (20 events):
Event: 2.050 Thread 0x0000021166dccde0 Uncommon trap: trap_request=0xffffff45 fr.pc=0x000002115229e164 relative=0x0000000000000404
Event: 2.050 Thread 0x0000021166dccde0 Uncommon trap: reason=unstable_if action=reinterpret pc=0x000002115229e164 method=java.util.regex.Matcher.match(II)Z @ 76 c2
Event: 2.050 Thread 0x0000021166dccde0 DEOPT PACKING pc=0x000002115229e164 sp=0x000000d6c03fde10
Event: 2.050 Thread 0x0000021166dccde0 DEOPT UNPACKING pc=0x0000021151d369a3 sp=0x000000d6c03fdde0 mode 2
Event: 2.056 Thread 0x0000021166dccde0 Uncommon trap: trap_request=0xffffff45 fr.pc=0x000002115236aac4 relative=0x00000000000014e4
Event: 2.056 Thread 0x0000021166dccde0 Uncommon trap: reason=unstable_if action=reinterpret pc=0x000002115236aac4 method=java.util.concurrent.ConcurrentHashMap.transfer([Ljava/util/concurrent/ConcurrentHashMap$Node;[Ljava/util/concurrent/ConcurrentHashMap$Node;)V @ 26 c2
Event: 2.056 Thread 0x0000021166dccde0 DEOPT PACKING pc=0x000002115236aac4 sp=0x000000d6c03fddf0
Event: 2.056 Thread 0x0000021166dccde0 DEOPT UNPACKING pc=0x0000021151d369a3 sp=0x000000d6c03fdd60 mode 2
Event: 2.098 Thread 0x000002116891d770 DEOPT PACKING pc=0x000002114ab51892 sp=0x000000d6c05fd6f0
Event: 2.098 Thread 0x000002116891d770 DEOPT UNPACKING pc=0x0000021151d37143 sp=0x000000d6c05fcc00 mode 0
Event: 2.099 Thread 0x000002116891d770 DEOPT PACKING pc=0x000002114ab51892 sp=0x000000d6c05fd620
Event: 2.099 Thread 0x000002116891d770 DEOPT UNPACKING pc=0x0000021151d37143 sp=0x000000d6c05fcb30 mode 0
Event: 2.253 Thread 0x000002116891d770 Uncommon trap: trap_request=0xffffff45 fr.pc=0x00000211522bb194 relative=0x00000000000003d4
Event: 2.253 Thread 0x000002116891d770 Uncommon trap: reason=unstable_if action=reinterpret pc=0x00000211522bb194 method=java.util.HashMap.getNode(Ljava/lang/Object;)Ljava/util/HashMap$Node; @ 66 c2
Event: 2.253 Thread 0x000002116891d770 DEOPT PACKING pc=0x00000211522bb194 sp=0x000000d6c05fc2b0
Event: 2.253 Thread 0x000002116891d770 DEOPT UNPACKING pc=0x0000021151d369a3 sp=0x000000d6c05fc230 mode 2
Event: 2.261 Thread 0x000002116891d770 Uncommon trap: trap_request=0xffffff45 fr.pc=0x000002115232fb78 relative=0x00000000000003b8
Event: 2.261 Thread 0x000002116891d770 Uncommon trap: reason=unstable_if action=reinterpret pc=0x000002115232fb78 method=java.util.concurrent.ConcurrentHashMap.get(Ljava/lang/Object;)Ljava/lang/Object; @ 76 c2
Event: 2.261 Thread 0x000002116891d770 DEOPT PACKING pc=0x000002115232fb78 sp=0x000000d6c05fb830
Event: 2.261 Thread 0x000002116891d770 DEOPT UNPACKING pc=0x0000021151d369a3 sp=0x000000d6c05fb7b8 mode 2

Classes unloaded (0 events):
No events

Classes redefined (0 events):
No events

Internal exceptions (20 events):
Event: 0.673 Thread 0x00000211472cbe20 Exception <a 'java/lang/NoSuchMethodError'{0x000000008e764c68}: 'int java.lang.invoke.DirectMethodHandle$Holder.invokeStaticInit(java.lang.Object)'> (0x000000008e764c68) 
thrown [s\src\hotspot\share\interpreter\linkResolver.cpp, line 771]
Event: 0.816 Thread 0x00000211472cbe20 Exception <a 'java/lang/NoSuchMethodError'{0x000000008f8333e0}: 'void java.lang.invoke.DirectMethodHandle$Holder.invokeInterface(java.lang.Object, java.lang.Object, java.lang.Object)'> (0x000000008f8333e0) 
thrown [s\src\hotspot\share\interpreter\linkResolver.cpp, line 771]
Event: 1.643 Thread 0x00000211472cbe20 Exception <a 'java/lang/NoSuchMethodError'{0x000000008e6d9210}: 'java.lang.Object java.lang.invoke.DirectMethodHandle$Holder.invokeStaticInit(java.lang.Object)'> (0x000000008e6d9210) 
thrown [s\src\hotspot\share\interpreter\linkResolver.cpp, line 771]
Event: 1.666 Thread 0x00000211472cbe20 Exception <a 'java/lang/NoSuchMethodError'{0x000000008e562590}: 'java.lang.Object java.lang.invoke.DirectMethodHandle$Holder.invokeInterface(java.lang.Object, java.lang.Object)'> (0x000000008e562590) 
thrown [s\src\hotspot\share\interpreter\linkResolver.cpp, line 771]
Event: 1.786 Thread 0x00000211472cbe20 Exception <a 'java/lang/NoSuchMethodError'{0x000000008e082560}: 'java.lang.Object java.lang.invoke.DirectMethodHandle$Holder.invokeStaticInit(java.lang.Object, int, int, int, int)'> (0x000000008e082560) 
thrown [s\src\hotspot\share\interpreter\linkResolver.cpp, line 771]
Event: 1.850 Thread 0x00000211472cbe20 Exception <a 'java/lang/NoSuchMethodError'{0x000000008e0f33d0}: 'java.lang.Object java.lang.invoke.DirectMethodHandle$Holder.invokeStaticInit(java.lang.Object, java.lang.Object, int, int, int, int)'> (0x000000008e0f33d0) 
thrown [s\src\hotspot\share\interpreter\linkResolver.cpp, line 771]
Event: 1.951 Thread 0x00000211472cbe20 Exception <a 'java/lang/NoSuchMethodError'{0x000000008ddefa98}: 'void java.lang.invoke.DirectMethodHandle$Holder.invokeStatic(java.lang.Object, java.lang.Object, java.lang.Object)'> (0x000000008ddefa98) 
thrown [s\src\hotspot\share\interpreter\linkResolver.cpp, line 771]
Event: 1.981 Thread 0x00000211472cbe20 Exception <a 'java/io/IOException'{0x000000008dcab778}> (0x000000008dcab778) 
thrown [s\src\hotspot\share\prims\jni.cpp, line 531]
Event: 2.148 Thread 0x000002116891d770 Exception <a 'java/lang/NoSuchMethodError'{0x000000008d4cbff8}: 'long java.lang.invoke.DirectMethodHandle$Holder.invokeInterface(java.lang.Object, java.lang.Object)'> (0x000000008d4cbff8) 
thrown [s\src\hotspot\share\interpreter\linkResolver.cpp, line 771]
Event: 2.157 Thread 0x000002116891d770 Exception <a 'java/lang/NoSuchMethodError'{0x000000008d307670}: 'java.lang.Object java.lang.invoke.DirectMethodHandle$Holder.invokeVirtual(java.lang.Object, java.lang.Object, java.lang.Object)'> (0x000000008d307670) 
thrown [s\src\hotspot\share\interpreter\linkResolver.cpp, line 771]
Event: 2.227 Thread 0x000002116891d770 Exception <a 'java/lang/NoSuchMethodError'{0x000000008d0c3b48}: 'void java.lang.invoke.DirectMethodHandle$Holder.invokeStatic(java.lang.Object, java.lang.Object)'> (0x000000008d0c3b48) 
thrown [s\src\hotspot\share\interpreter\linkResolver.cpp, line 771]
Event: 2.258 Thread 0x000002116891d770 Exception <a 'java/lang/NoSuchMethodError'{0x000000008ce73260}: 'java.lang.Object java.lang.invoke.DirectMethodHandle$Holder.newInvokeSpecial(java.lang.Object, java.lang.Object, java.lang.Object, java.lang.Object, java.lang.Object)'> (0x000000008ce73260) 
thrown [s\src\hotspot\share\interpreter\linkResolver.cpp, line 771]
Event: 2.293 Thread 0x000002116891d770 Exception <a 'java/lang/NoSuchMethodError'{0x0000000083b95810}: 'void java.lang.invoke.DirectMethodHandle$Holder.invokeSpecial(java.lang.Object, java.lang.Object, java.lang.Object)'> (0x0000000083b95810) 
thrown [s\src\hotspot\share\interpreter\linkResolver.cpp, line 771]
Event: 2.308 Thread 0x000002116891d770 Exception <a 'java/lang/NoSuchMethodError'{0x0000000083a42e28}: 'java.lang.Object java.lang.invoke.DirectMethodHandle$Holder.newInvokeSpecial(java.lang.Object, java.lang.Object, java.lang.Object, java.lang.Object, java.lang.Object, java.lang.Object)'> (0x0000000083a42e28) 
thrown [s\src\hotspot\share\interpreter\linkResolver.cpp, line 771]
Event: 2.309 Thread 0x000002116891d770 Exception <a 'java/lang/NoSuchMethodError'{0x0000000083a5aa68}: 'void java.lang.invoke.DirectMethodHandle$Holder.invokeSpecial(java.lang.Object, java.lang.Object, java.lang.Object, java.lang.Object, java.lang.Object)'> (0x0000000083a5aa68) 
thrown [s\src\hotspot\share\interpreter\linkResolver.cpp, line 771]
Event: 2.310 Thread 0x000002116891d770 Exception <a 'java/lang/NoSuchMethodError'{0x0000000083a6ea18}: 'void java.lang.invoke.DirectMethodHandle$Holder.invokeStaticInit(java.lang.Object, java.lang.Object)'> (0x0000000083a6ea18) 
thrown [s\src\hotspot\share\interpreter\linkResolver.cpp, line 771]
Event: 2.371 Thread 0x000002116891d770 Exception <a 'java/lang/NoSuchMethodError'{0x00000000837aab90}: 'void java.lang.invoke.DelegatingMethodHandle$Holder.reinvoke_L(java.lang.Object, java.lang.Object, java.lang.Object, java.lang.Object, java.lang.Object, java.lang.Object, java.lang.Object, java.lang.Object, java.lang.Object, java.lang.Object)'> (0x00000000837aab90) 
thrown [s\src\hotspot\share\interpreter\linkResolver.cpp, line 771]
Event: 2.372 Thread 0x000002116891d770 Exception <a 'java/lang/NoSuchMethodError'{0x00000000837b3140}: 'java.lang.Object java.lang.invoke.DirectMethodHandle$Holder.invokeSpecial(java.lang.Object, java.lang.Object, java.lang.Object, java.lang.Object, java.lang.Object, java.lang.Object, java.lang.Object, java.lang.Object, java.lang.Object, java.lang.Object)'> (0x00000000837b3140) 
thrown [s\src\hotspot\share\interpreter\linkResolver.cpp, line 771]
Event: 2.372 Thread 0x000002116891d770 Exception <a 'java/lang/NoSuchMethodError'{0x00000000837b7a10}: 'java.lang.Object java.lang.invoke.Invokers$Holder.invoker(java.lang.Object, java.lang.Object, java.lang.Object, java.lang.Object, java.lang.Object, java.lang.Object, java.lang.Object, java.lang.Object, java.lang.Object, java.lang.Object)'> (0x00000000837b7a10) 
thrown [s\src\hotspot\share\interpreter\linkResolver.cpp, line 771]
Event: 2.373 Thread 0x000002116891d770 Exception <a 'java/lang/NoSuchMethodError'{0x00000000837bd618}: 'java.lang.Object java.lang.invoke.DirectMethodHandle$Holder.invokeSpecial(java.lang.Object, java.lang.Object, java.lang.Object, java.lang.Object, java.lang.Object, java.lang.Object, java.lang.Object, java.lang.Object, java.lang.Object, java.lang.Object, java.lang.Object)'> (0x00000000837bd618) 
thrown [s\src\hotspot\share\interpreter\linkResolver.cpp, line 771]

VM Operations (20 events):
Event: 1.663 Executing VM operation: HandshakeAllThreads
Event: 1.663 Executing VM operation: HandshakeAllThreads done
Event: 1.702 Executing VM operation: HandshakeAllThreads
Event: 1.702 Executing VM operation: HandshakeAllThreads done
Event: 1.772 Executing VM operation: HandshakeAllThreads
Event: 1.772 Executing VM operation: HandshakeAllThreads done
Event: 1.845 Executing VM operation: HandshakeAllThreads
Event: 1.845 Executing VM operation: HandshakeAllThreads done
Event: 2.003 Executing VM operation: HandshakeAllThreads
Event: 2.003 Executing VM operation: HandshakeAllThreads done
Event: 2.261 Executing VM operation: ICBufferFull
Event: 2.261 Executing VM operation: ICBufferFull done
Event: 2.273 Executing VM operation: CollectForMetadataAllocation
Event: 2.278 Executing VM operation: CollectForMetadataAllocation done
Event: 2.281 Executing VM operation: G1PauseRemark
Event: 2.282 Executing VM operation: G1PauseRemark done
Event: 2.283 Executing VM operation: G1PauseCleanup
Event: 2.284 Executing VM operation: G1PauseCleanup done
Event: 2.345 Executing VM operation: HandshakeAllThreads
Event: 2.345 Executing VM operation: HandshakeAllThreads done

Events (20 events):
Event: 2.263 loading class java/util/stream/MatchOps$BooleanTerminalSink
Event: 2.263 loading class java/util/stream/MatchOps$BooleanTerminalSink done
Event: 2.263 loading class java/util/stream/MatchOps$1MatchSink
Event: 2.263 loading class java/util/stream/MatchOps$1MatchSink done
Event: 2.317 loading class java/lang/invoke/MethodHandle$1
Event: 2.317 loading class java/lang/invoke/MethodHandle$1 done
Event: 2.324 loading class java/util/ConcurrentModificationException
Event: 2.324 loading class java/util/ConcurrentModificationException done
Event: 2.347 loading class sun/reflect/generics/scope/ConstructorScope
Event: 2.347 loading class sun/reflect/generics/scope/ConstructorScope done
Event: 2.347 loading class sun/reflect/generics/tree/VoidDescriptor
Event: 2.347 loading class sun/reflect/generics/tree/VoidDescriptor done
Event: 2.376 loading class java/lang/invoke/BoundMethodHandle$Species_LLLLLLLL
Event: 2.376 loading class java/lang/invoke/BoundMethodHandle$Species_LLLLLLLL done
Event: 2.377 loading class java/lang/invoke/BoundMethodHandle$Species_LLLLLLLLL
Event: 2.377 loading class java/lang/invoke/BoundMethodHandle$Species_LLLLLLLLL done
Event: 2.377 loading class java/lang/invoke/BoundMethodHandle$Species_LLLLLLLLLL
Event: 2.378 loading class java/lang/invoke/BoundMethodHandle$Species_LLLLLLLLLL done
Event: 2.387 loading class java/io/UncheckedIOException
Event: 2.387 loading class java/io/UncheckedIOException done


Dynamic libraries:
0x00007ff605c40000 - 0x00007ff605c4a000 	D:\Android\Android Studio\jbr\bin\java.exe
0x00007ffaca650000 - 0x00007ffaca848000 	C:\WINDOWS\SYSTEM32\ntdll.dll
0x00007ffac89b0000 - 0x00007ffac8a72000 	C:\WINDOWS\System32\KERNEL32.DLL
0x00007ffac8240000 - 0x00007ffac853e000 	C:\WINDOWS\System32\KERNELBASE.dll
0x00007ffac7e90000 - 0x00007ffac7f90000 	C:\WINDOWS\System32\ucrtbase.dll
0x00007ffaaa100000 - 0x00007ffaaa117000 	D:\Android\Android Studio\jbr\bin\jli.dll
0x00007ffaafe00000 - 0x00007ffaafe1b000 	D:\Android\Android Studio\jbr\bin\VCRUNTIME140.dll
0x00007ffac8720000 - 0x00007ffac88bd000 	C:\WINDOWS\System32\USER32.dll
0x00007ffac8210000 - 0x00007ffac8232000 	C:\WINDOWS\System32\win32u.dll
0x00007ffab5f30000 - 0x00007ffab61ca000 	C:\WINDOWS\WinSxS\amd64_microsoft.windows.common-controls_6595b64144ccf1df_6.0.19041.4355_none_60b8b9eb71f62e16\COMCTL32.dll
0x00007ffac8980000 - 0x00007ffac89ab000 	C:\WINDOWS\System32\GDI32.dll
0x00007ffac7f90000 - 0x00007ffac80a7000 	C:\WINDOWS\System32\gdi32full.dll
0x00007ffac9d10000 - 0x00007ffac9dae000 	C:\WINDOWS\System32\msvcrt.dll
0x00007ffac8540000 - 0x00007ffac85dd000 	C:\WINDOWS\System32\msvcp_win.dll
0x00007ffac8670000 - 0x00007ffac869f000 	C:\WINDOWS\System32\IMM32.DLL
0x00007ffab4d00000 - 0x00007ffab4d0c000 	D:\Android\Android Studio\jbr\bin\vcruntime140_1.dll
0x00007ffa90310000 - 0x00007ffa9039d000 	D:\Android\Android Studio\jbr\bin\msvcp140.dll
0x00007ff9e9b70000 - 0x00007ff9ea7f3000 	D:\Android\Android Studio\jbr\bin\server\jvm.dll
0x00007ffac88c0000 - 0x00007ffac8971000 	C:\WINDOWS\System32\ADVAPI32.dll
0x00007ffac9ac0000 - 0x00007ffac9b5f000 	C:\WINDOWS\System32\sechost.dll
0x00007ffaca4e0000 - 0x00007ffaca603000 	C:\WINDOWS\System32\RPCRT4.dll
0x00007ffac7d60000 - 0x00007ffac7d87000 	C:\WINDOWS\System32\bcrypt.dll
0x00007ffab28f0000 - 0x00007ffab28f9000 	C:\WINDOWS\SYSTEM32\WSOCK32.dll
0x00007ffac0720000 - 0x00007ffac072a000 	C:\WINDOWS\SYSTEM32\VERSION.dll
0x00007ffac9db0000 - 0x00007ffac9e1b000 	C:\WINDOWS\System32\WS2_32.dll
0x00007ffac7240000 - 0x00007ffac728b000 	C:\WINDOWS\SYSTEM32\POWRPROF.dll
0x00007ffab9f50000 - 0x00007ffab9f77000 	C:\WINDOWS\SYSTEM32\WINMM.dll
0x00007ffac70b0000 - 0x00007ffac70c2000 	C:\WINDOWS\SYSTEM32\UMPDC.dll
0x00007ffac5b50000 - 0x00007ffac5b62000 	C:\WINDOWS\SYSTEM32\kernel.appcore.dll
0x00007ffab88f0000 - 0x00007ffab88fa000 	D:\Android\Android Studio\jbr\bin\jimage.dll
0x00007ffac1250000 - 0x00007ffac1434000 	C:\WINDOWS\SYSTEM32\DBGHELP.DLL
0x00007ffab6e70000 - 0x00007ffab6ea4000 	C:\WINDOWS\SYSTEM32\dbgcore.DLL
0x00007ffac85e0000 - 0x00007ffac8662000 	C:\WINDOWS\System32\bcryptPrimitives.dll
0x00007ffaaf5e0000 - 0x00007ffaaf5ee000 	D:\Android\Android Studio\jbr\bin\instrument.dll
0x00007ffaae5f0000 - 0x00007ffaae615000 	D:\Android\Android Studio\jbr\bin\java.dll
0x00007ffaaadf0000 - 0x00007ffaaae08000 	D:\Android\Android Studio\jbr\bin\zip.dll
0x00007ffac91b0000 - 0x00007ffac991d000 	C:\WINDOWS\System32\SHELL32.dll
0x00007ffac5d50000 - 0x00007ffac64f4000 	C:\WINDOWS\SYSTEM32\windows.storage.dll
0x00007ffaca160000 - 0x00007ffaca4b3000 	C:\WINDOWS\System32\combase.dll
0x00007ffac7640000 - 0x00007ffac766e000 	C:\WINDOWS\SYSTEM32\Wldp.dll
0x00007ffac8b90000 - 0x00007ffac8c5d000 	C:\WINDOWS\System32\OLEAUT32.dll
0x00007ffac8a80000 - 0x00007ffac8b2d000 	C:\WINDOWS\System32\SHCORE.dll
0x00007ffac8b30000 - 0x00007ffac8b85000 	C:\WINDOWS\System32\shlwapi.dll
0x00007ffac7c20000 - 0x00007ffac7c44000 	C:\WINDOWS\SYSTEM32\profapi.dll
0x00007ffaaa140000 - 0x00007ffaaa159000 	D:\Android\Android Studio\jbr\bin\net.dll
0x00007ffabede0000 - 0x00007ffabeeed000 	C:\WINDOWS\SYSTEM32\WINHTTP.dll
0x00007ffac7420000 - 0x00007ffac748a000 	C:\WINDOWS\system32\mswsock.dll
0x00007ffaaa120000 - 0x00007ffaaa136000 	D:\Android\Android Studio\jbr\bin\nio.dll
0x00007ffaaffc0000 - 0x00007ffaaffd0000 	D:\Android\Android Studio\jbr\bin\verify.dll
0x00007ffab8940000 - 0x00007ffab8967000 	C:\Users\Diogo\.gradle\native\c067742578af261105cb4f569cf0c3c89f3d7b1fecec35dd04571415982c5e48\windows-amd64\native-platform.dll
0x00007ffa8ac40000 - 0x00007ffa8ad84000 	C:\Users\Diogo\.gradle\native\38dada09dfb8b06ba9b0570ebf7e218e3eb74d4ef43ca46872605cf95ebc2f47\windows-amd64\native-platform-file-events.dll
0x00007ffab1c30000 - 0x00007ffab1c39000 	D:\Android\Android Studio\jbr\bin\management.dll
0x00007ffab11d0000 - 0x00007ffab11db000 	D:\Android\Android Studio\jbr\bin\management_ext.dll
0x00007ffac8710000 - 0x00007ffac8718000 	C:\WINDOWS\System32\PSAPI.DLL
0x00007ffac7990000 - 0x00007ffac79a8000 	C:\WINDOWS\SYSTEM32\CRYPTSP.dll
0x00007ffac6c90000 - 0x00007ffac6cc4000 	C:\WINDOWS\system32\rsaenh.dll
0x00007ffac7ba0000 - 0x00007ffac7bce000 	C:\WINDOWS\SYSTEM32\USERENV.dll
0x00007ffac75b0000 - 0x00007ffac75bc000 	C:\WINDOWS\SYSTEM32\CRYPTBASE.dll
0x00007ffac70d0000 - 0x00007ffac710b000 	C:\WINDOWS\SYSTEM32\IPHLPAPI.DLL
0x00007ffac9920000 - 0x00007ffac9928000 	C:\WINDOWS\System32\NSI.dll
0x00007ffac28c0000 - 0x00007ffac28d7000 	C:\WINDOWS\SYSTEM32\dhcpcsvc6.DLL
0x00007ffac28a0000 - 0x00007ffac28bd000 	C:\WINDOWS\SYSTEM32\dhcpcsvc.DLL
0x00007ffac7120000 - 0x00007ffac71ea000 	C:\WINDOWS\SYSTEM32\DNSAPI.dll
0x00007ffab65f0000 - 0x00007ffab65f9000 	D:\Android\Android Studio\jbr\bin\extnet.dll
0x00007ffab8760000 - 0x00007ffab8767000 	C:\WINDOWS\system32\wshunix.dll

dbghelp: loaded successfully - version: 4.0.5 - missing functions: none
symbol engine: initialized successfully - sym options: 0x614 - pdb path: .;D:\Android\Android Studio\jbr\bin;C:\WINDOWS\SYSTEM32;C:\WINDOWS\WinSxS\amd64_microsoft.windows.common-controls_6595b64144ccf1df_6.0.19041.4355_none_60b8b9eb71f62e16;D:\Android\Android Studio\jbr\bin\server;C:\Users\Diogo\.gradle\native\c067742578af261105cb4f569cf0c3c89f3d7b1fecec35dd04571415982c5e48\windows-amd64;C:\Users\Diogo\.gradle\native\38dada09dfb8b06ba9b0570ebf7e218e3eb74d4ef43ca46872605cf95ebc2f47\windows-amd64

VM Arguments:
jvm_args: --add-opens=java.base/java.util=ALL-UNNAMED --add-opens=java.base/java.lang=ALL-UNNAMED --add-opens=java.base/java.lang.invoke=ALL-UNNAMED --add-opens=java.prefs/java.util.prefs=ALL-UNNAMED --add-opens=java.base/java.nio.charset=ALL-UNNAMED --add-opens=java.base/java.net=ALL-UNNAMED --add-opens=java.base/java.util.concurrent.atomic=ALL-UNNAMED -Xmx2048m -Dfile.encoding=UTF-8 -Duser.country=BR -Duser.language=pt -Duser.variant -javaagent:C:\Users\Diogo\.gradle\wrapper\dists\gradle-8.7-bin\bhs2wmbdwecv87pi65oeuq5iu\gradle-8.7\lib\agents\gradle-instrumentation-agent-8.7.jar 
java_command: org.gradle.launcher.daemon.bootstrap.GradleDaemon 8.7
java_class_path (initial): C:\Users\Diogo\.gradle\wrapper\dists\gradle-8.7-bin\bhs2wmbdwecv87pi65oeuq5iu\gradle-8.7\lib\gradle-launcher-8.7.jar
Launcher Type: SUN_STANDARD

[Global flags]
     intx CICompilerCount                          = 4                                         {product} {ergonomic}
     uint ConcGCThreads                            = 3                                         {product} {ergonomic}
     uint G1ConcRefinementThreads                  = 10                                        {product} {ergonomic}
   size_t G1HeapRegionSize                         = 1048576                                   {product} {ergonomic}
    uintx GCDrainStackTargetSize                   = 64                                        {product} {ergonomic}
   size_t InitialHeapSize                          = 266338304                                 {product} {ergonomic}
   size_t MarkStackSize                            = 4194304                                   {product} {ergonomic}
   size_t MaxHeapSize                              = 2147483648                                {product} {command line}
   size_t MaxNewSize                               = 1287651328                                {product} {ergonomic}
   size_t MinHeapDeltaBytes                        = 1048576                                   {product} {ergonomic}
   size_t MinHeapSize                              = 8388608                                   {product} {ergonomic}
    uintx NonNMethodCodeHeapSize                   = 5839372                                {pd product} {ergonomic}
    uintx NonProfiledCodeHeapSize                  = 122909434                              {pd product} {ergonomic}
    uintx ProfiledCodeHeapSize                     = 122909434                              {pd product} {ergonomic}
    uintx ReservedCodeCacheSize                    = 251658240                              {pd product} {ergonomic}
     bool SegmentedCodeCache                       = true                                      {product} {ergonomic}
   size_t SoftMaxHeapSize                          = 2147483648                             {manageable} {ergonomic}
     bool UseCompressedClassPointers               = true                           {product lp64_product} {ergonomic}
     bool UseCompressedOops                        = true                           {product lp64_product} {ergonomic}
     bool UseG1GC                                  = true                                      {product} {ergonomic}
     bool UseLargePagesIndividualAllocation        = false                                  {pd product} {ergonomic}

Logging:
Log output configuration:
 #0: stdout all=warning uptime,level,tags
 #1: stderr all=off uptime,level,tags

Environment Variables:
PATH=C:\WINDOWS\system32;C:\WINDOWS;C:\WINDOWS\System32\Wbem;C:\WINDOWS\System32\WindowsPowerShell\v1.0\;C:\WINDOWS\System32\OpenSSH\;C:\Program Files\Git\cmd;C:\Program Files\nodejs\;C:\Program Files\Amazon\AWSCLIV2\;C:\Program Files\Docker\Docker\resources\bin;C:\Users\Diogo\AppData\Local\Programs\Python\Python310\Scripts\;C:\Users\Diogo\AppData\Local\Programs\Python\Python310\;C:\Users\Diogo\AppData\Local\Programs\Python\Python312\Scripts\;C:\Users\Diogo\AppData\Local\Programs\Python\Python312\;C:\Users\Diogo\AppData\Local\Microsoft\WindowsApps;C:\Users\Diogo\AppData\Local\Programs\Microsoft VS Code\bin;C:\Users\Diogo\AppData\Local\GitHubDesktop\bin;C:\Users\Diogo\AppData\Roaming\npm
USERNAME=Diogo
OS=Windows_NT
PROCESSOR_IDENTIFIER=AMD64 Family 23 Model 96 Stepping 1, AuthenticAMD
TMP=C:\Users\Diogo\AppData\Local\Temp
TEMP=C:\Users\Diogo\AppData\Local\Temp



Periodic native trim disabled

JNI global refs:
JNI global refs: 23, weak refs: 0

JNI global refs memory usage: 843, weak refs: 841

Process memory usage:
Resident Set Size: 139584K (0% of 16622056K total physical memory with 2892756K free physical memory)

OOME stack traces (most recent first):
Classloader memory used:
Loader bootstrap                                                                       : 1846K
Loader org.gradle.internal.classloader.VisitableURLClassLoader                         : 883K
Loader org.gradle.initialization.MixInLegacyTypesClassLoader                           : 46519B
Loader jdk.internal.loader.ClassLoaders$AppClassLoader                                 : 28747B
Loader jdk.internal.loader.ClassLoaders$PlatformClassLoader                            : 16554B
Loader jdk.internal.reflect.DelegatingClassLoader                                      : 1296B

Classes loaded by more than one classloader:
Class org.gradle.internal.installation.GradleInstallation                             : loaded 2 times (x 73B)
Class org.gradle.internal.classpath.ClassPath                                         : loaded 2 times (x 68B)
Class org.gradle.api.internal.classpath.DefaultModuleRegistry                         : loaded 2 times (x 84B)
Class org.gradle.api.Action                                                           : loaded 2 times (x 68B)
Class org.gradle.api.internal.DefaultClassPathProvider                                : loaded 2 times (x 74B)
Class org.gradle.internal.installation.GradleInstallation$1                           : loaded 2 times (x 73B)
Class org.gradle.internal.classloader.FilteringClassLoader                            : loaded 2 times (x 103B)
Class org.gradle.internal.classpath.DefaultClassPath$ImmutableUniqueList$Builder      : loaded 2 times (x 73B)
Class org.gradle.internal.classloader.ClassLoaderVisitor                              : loaded 2 times (x 74B)
Class org.gradle.internal.service.DefaultServiceLocator                               : loaded 2 times (x 81B)
Class org.gradle.internal.service.UnknownServiceException                             : loaded 2 times (x 81B)
Class org.gradle.internal.classloader.VisitableURLClassLoader$Spec                    : loaded 2 times (x 72B)
Class org.gradle.api.GradleException                                                  : loaded 2 times (x 80B)
Class org.gradle.api.internal.classpath.ModuleRegistry                                : loaded 2 times (x 68B)
Class org.gradle.api.internal.ClassPathProvider                                       : loaded 2 times (x 68B)
Class org.gradle.internal.classloader.ClasspathUtil$1                                 : loaded 2 times (x 74B)
Class org.gradle.internal.classloader.ClassLoaderFactory                              : loaded 2 times (x 68B)
Class org.gradle.api.internal.classpath.ManifestUtil                                  : loaded 2 times (x 69B)
Class org.gradle.api.specs.Spec                                                       : loaded 2 times (x 68B)
Class org.gradle.internal.IoActions                                                   : loaded 2 times (x 69B)
Class org.gradle.api.internal.classpath.EffectiveClassPath                            : loaded 2 times (x 88B)
Class org.gradle.internal.installation.CurrentGradleInstallation                      : loaded 2 times (x 71B)
Class org.gradle.internal.agents.InstrumentingClassLoader                             : loaded 2 times (x 68B)
Class org.gradle.internal.installation.CurrentGradleInstallationLocator               : loaded 2 times (x 69B)
Class org.gradle.api.internal.classpath.Module                                        : loaded 2 times (x 68B)
Class org.gradle.internal.service.CachingServiceLocator                               : loaded 2 times (x 80B)
Class org.gradle.internal.classpath.DefaultClassPath                                  : loaded 2 times (x 88B)
Class org.gradle.internal.classloader.SystemClassLoaderSpec                           : loaded 2 times (x 69B)
Class org.gradle.api.UncheckedIOException                                             : loaded 2 times (x 80B)
Class org.gradle.internal.classloader.ClasspathUtil                                   : loaded 2 times (x 69B)
Class org.gradle.api.internal.DefaultClassPathRegistry                                : loaded 2 times (x 74B)
Class org.gradle.api.internal.classpath.DefaultModuleRegistry$DefaultModule           : loaded 2 times (x 84B)
Class org.gradle.api.internal.classpath.UnknownModuleException                        : loaded 2 times (x 80B)
Class org.gradle.internal.service.ServiceLookupException                              : loaded 2 times (x 80B)
Class org.gradle.cache.GlobalCache                                                    : loaded 2 times (x 68B)
Class [Lorg.gradle.api.internal.ClassPathProvider;                                    : loaded 2 times (x 67B)
Class org.gradle.util.internal.GUtil                                                  : loaded 2 times (x 69B)
Class org.gradle.internal.classloader.ClassLoaderSpec                                 : loaded 2 times (x 69B)
Class org.gradle.internal.classloader.VisitableURLClassLoader                         : loaded 2 times (x 115B)
Class org.gradle.internal.Cast                                                        : loaded 2 times (x 69B)
Class org.gradle.api.internal.ClassPathRegistry                                       : loaded 2 times (x 68B)
Class org.gradle.internal.classloader.VisitableURLClassLoader$InstrumentingVisitableURLClassLoader: loaded 2 times (x 121B)
Class org.gradle.internal.classloader.ClassLoaderHierarchy                            : loaded 2 times (x 68B)
Class org.gradle.internal.InternalTransformer                                         : loaded 2 times (x 68B)
Class org.gradle.internal.service.ServiceLocator                                      : loaded 2 times (x 68B)
Class org.gradle.internal.classpath.DefaultClassPath$ImmutableUniqueList              : loaded 2 times (x 159B)
Class org.gradle.internal.classpath.TransformedClassPath                              : loaded 2 times (x 94B)


---------------  S Y S T E M  ---------------

OS:
 Windows 10 , 64 bit Build 19041 (10.0.19041.5072)
OS uptime: 0 days 13:14 hours
Hyper-V role detected

CPU: total 12 (initial active 12) (12 cores per cpu, 2 threads per core) family 23 model 96 stepping 1 microcode 0x0, cx8, cmov, fxsr, ht, mmx, 3dnowpref, sse, sse2, sse3, ssse3, sse4a, sse4.1, sse4.2, popcnt, lzcnt, tsc, tscinvbit, avx, avx2, aes, clmul, bmi1, bmi2, adx, sha, fma, vzeroupper, clflush, clflushopt, hv
Processor Information for all 12 processors :
  Max Mhz: 3701, Current Mhz: 3701, Mhz Limit: 3701

Memory: 4k page, system-wide physical 16232M (2824M free)
TotalPageFile size 46041M (AvailPageFile size 5M)
current process WorkingSet (physical memory assigned to process): 136M, peak: 171M
current process commit charge ("private bytes"): 219M, peak: 411M

vm_info: OpenJDK 64-Bit Server VM (17.0.11+0--11852314) for windows-amd64 JRE (17.0.11+0--11852314), built on May 16 2024 21:29:20 by "androidbuild" with MS VC++ 16.10 / 16.11 (VS2019)

END.
